# Bake Begins!
### (1 of 6) Copy sources
$ cp -a /home/travis/build/fontdirectory/terminaldosis/METADATA.json /home/travis/build/fontdirectory/terminaldosis/builds/build
$ cp -a /home/travis/build/fontdirectory/terminaldosis/DESCRIPTION.en_us.html /home/travis/build/fontdirectory/terminaldosis/builds/build
$ cp -a /home/travis/build/fontdirectory/terminaldosis/FONTLOG.txt /home/travis/build/fontdirectory/terminaldosis/builds/build
$ cp -a TerminalDosis-Regular.ttf.ttx TerminalDosis-SemiBold.ttf.ttx TerminalDosis-Bold.ttf.ttx TerminalDosis-Medium.ttf.ttx TerminalDosis-ExtraLight.ttf.ttx TerminalDosis-ExtraBold.ttf.ttx TerminalDosis-Light.ttf.ttx TerminalDosis-Regular.ttf.G_D_E_F_.ttx TerminalDosis-Regular.ttf._h_e_a_d.ttx TerminalDosis-Regular.ttf.G_P_O_S_.ttx TerminalDosis-Regular.ttf._c_m_a_p.ttx TerminalDosis-Regular.ttf._h_m_t_x.ttx TerminalDosis-Regular.ttf._p_r_e_p.ttx TerminalDosis-Regular.ttf.GlyphOrder.ttx TerminalDosis-Regular.ttf._m_a_x_p.ttx TerminalDosis-Regular.ttf.O_S_2f_2.ttx TerminalDosis-Regular.ttf._l_o_c_a.ttx TerminalDosis-Regular.ttf.V_D_M_X_.ttx TerminalDosis-Regular.ttf._k_e_r_n.ttx TerminalDosis-Regular.ttf._p_o_s_t.ttx TerminalDosis-Regular.ttf._f_p_g_m.ttx TerminalDosis-Regular.ttf._g_l_y_f.ttx TerminalDosis-Regular.ttf.G_S_U_B_.ttx TerminalDosis-Regular.ttf._n_a_m_e.ttx TerminalDosis-Regular.ttf._h_d_m_x.ttx TerminalDosis-Regular.ttf._g_a_s_p.ttx TerminalDosis-Regular.ttf._c_v_t.ttx TerminalDosis-Regular.ttf._h_h_e_a.ttx TerminalDosis-Regular.ttf.L_T_S_H_.ttx TerminalDosis-SemiBold.ttf._g_l_y_f.ttx TerminalDosis-SemiBold.ttf._m_a_x_p.ttx TerminalDosis-SemiBold.ttf.GlyphOrder.ttx TerminalDosis-SemiBold.ttf.G_D_E_F_.ttx TerminalDosis-SemiBold.ttf._h_h_e_a.ttx TerminalDosis-SemiBold.ttf.G_S_U_B_.ttx TerminalDosis-SemiBold.ttf.O_S_2f_2.ttx TerminalDosis-SemiBold.ttf._f_p_g_m.ttx TerminalDosis-SemiBold.ttf._p_r_e_p.ttx TerminalDosis-SemiBold.ttf._k_e_r_n.ttx TerminalDosis-SemiBold.ttf._c_m_a_p.ttx TerminalDosis-SemiBold.ttf._h_m_t_x.ttx TerminalDosis-SemiBold.ttf._g_a_s_p.ttx TerminalDosis-SemiBold.ttf._n_a_m_e.ttx TerminalDosis-SemiBold.ttf._h_d_m_x.ttx TerminalDosis-SemiBold.ttf.L_T_S_H_.ttx TerminalDosis-SemiBold.ttf.G_P_O_S_.ttx TerminalDosis-SemiBold.ttf._c_v_t.ttx TerminalDosis-SemiBold.ttf._p_o_s_t.ttx TerminalDosis-SemiBold.ttf._h_e_a_d.ttx TerminalDosis-SemiBold.ttf.V_D_M_X_.ttx TerminalDosis-SemiBold.ttf._l_o_c_a.ttx TerminalDosis-Bold.ttf.GlyphOrder.ttx TerminalDosis-Bold.ttf._c_m_a_p.ttx TerminalDosis-Bold.ttf._g_a_s_p.ttx TerminalDosis-Bold.ttf._h_d_m_x.ttx TerminalDosis-Bold.ttf.V_D_M_X_.ttx TerminalDosis-Bold.ttf._c_v_t.ttx TerminalDosis-Bold.ttf.G_S_U_B_.ttx TerminalDosis-Bold.ttf._f_p_g_m.ttx TerminalDosis-Bold.ttf._m_a_x_p.ttx TerminalDosis-Bold.ttf._k_e_r_n.ttx TerminalDosis-Bold.ttf._n_a_m_e.ttx TerminalDosis-Bold.ttf.G_D_E_F_.ttx TerminalDosis-Bold.ttf._h_m_t_x.ttx TerminalDosis-Bold.ttf._h_e_a_d.ttx TerminalDosis-Bold.ttf.G_P_O_S_.ttx TerminalDosis-Bold.ttf._g_l_y_f.ttx TerminalDosis-Bold.ttf.L_T_S_H_.ttx TerminalDosis-Bold.ttf._p_o_s_t.ttx TerminalDosis-Bold.ttf.O_S_2f_2.ttx TerminalDosis-Bold.ttf._h_h_e_a.ttx TerminalDosis-Bold.ttf._p_r_e_p.ttx TerminalDosis-Bold.ttf._l_o_c_a.ttx TerminalDosis-Medium.ttf._k_e_r_n.ttx TerminalDosis-Medium.ttf._n_a_m_e.ttx TerminalDosis-Medium.ttf.O_S_2f_2.ttx TerminalDosis-Medium.ttf._l_o_c_a.ttx TerminalDosis-Medium.ttf._f_p_g_m.ttx TerminalDosis-Medium.ttf._m_a_x_p.ttx TerminalDosis-Medium.ttf._h_d_m_x.ttx TerminalDosis-Medium.ttf._h_e_a_d.ttx TerminalDosis-Medium.ttf._g_a_s_p.ttx TerminalDosis-Medium.ttf.G_P_O_S_.ttx TerminalDosis-Medium.ttf._h_m_t_x.ttx TerminalDosis-Medium.ttf._c_m_a_p.ttx TerminalDosis-Medium.ttf._p_o_s_t.ttx TerminalDosis-Medium.ttf.GlyphOrder.ttx TerminalDosis-Medium.ttf._c_v_t.ttx TerminalDosis-Medium.ttf.V_D_M_X_.ttx TerminalDosis-Medium.ttf._g_l_y_f.ttx TerminalDosis-Medium.ttf.G_D_E_F_.ttx TerminalDosis-Medium.ttf._h_h_e_a.ttx TerminalDosis-Medium.ttf.L_T_S_H_.ttx TerminalDosis-Medium.ttf._p_r_e_p.ttx TerminalDosis-Medium.ttf.G_S_U_B_.ttx TerminalDosis-ExtraLight.ttf.G_S_U_B_.ttx TerminalDosis-ExtraLight.ttf.G_D_E_F_.ttx TerminalDosis-ExtraLight.ttf.O_S_2f_2.ttx TerminalDosis-ExtraLight.ttf._m_a_x_p.ttx TerminalDosis-ExtraLight.ttf._n_a_m_e.ttx TerminalDosis-ExtraLight.ttf.GlyphOrder.ttx TerminalDosis-ExtraLight.ttf._h_h_e_a.ttx TerminalDosis-ExtraLight.ttf._h_d_m_x.ttx TerminalDosis-ExtraLight.ttf.L_T_S_H_.ttx TerminalDosis-ExtraLight.ttf._p_o_s_t.ttx TerminalDosis-ExtraLight.ttf._g_l_y_f.ttx TerminalDosis-ExtraLight.ttf._h_e_a_d.ttx TerminalDosis-ExtraLight.ttf._f_p_g_m.ttx TerminalDosis-ExtraLight.ttf._c_v_t.ttx TerminalDosis-ExtraLight.ttf.V_D_M_X_.ttx TerminalDosis-ExtraLight.ttf._g_a_s_p.ttx TerminalDosis-ExtraLight.ttf.G_P_O_S_.ttx TerminalDosis-ExtraLight.ttf._p_r_e_p.ttx TerminalDosis-ExtraLight.ttf._l_o_c_a.ttx TerminalDosis-ExtraLight.ttf._c_m_a_p.ttx TerminalDosis-ExtraLight.ttf._k_e_r_n.ttx TerminalDosis-ExtraLight.ttf._h_m_t_x.ttx TerminalDosis-ExtraBold.ttf._h_h_e_a.ttx TerminalDosis-ExtraBold.ttf.G_S_U_B_.ttx TerminalDosis-ExtraBold.ttf._l_o_c_a.ttx TerminalDosis-ExtraBold.ttf.L_T_S_H_.ttx TerminalDosis-ExtraBold.ttf._g_l_y_f.ttx TerminalDosis-ExtraBold.ttf._m_a_x_p.ttx TerminalDosis-ExtraBold.ttf._h_e_a_d.ttx TerminalDosis-ExtraBold.ttf._h_d_m_x.ttx TerminalDosis-ExtraBold.ttf._p_o_s_t.ttx TerminalDosis-ExtraBold.ttf._g_a_s_p.ttx TerminalDosis-ExtraBold.ttf._k_e_r_n.ttx TerminalDosis-ExtraBold.ttf._c_m_a_p.ttx TerminalDosis-ExtraBold.ttf.G_D_E_F_.ttx TerminalDosis-ExtraBold.ttf.G_P_O_S_.ttx TerminalDosis-ExtraBold.ttf.V_D_M_X_.ttx TerminalDosis-ExtraBold.ttf._p_r_e_p.ttx TerminalDosis-ExtraBold.ttf._c_v_t.ttx TerminalDosis-ExtraBold.ttf.O_S_2f_2.ttx TerminalDosis-ExtraBold.ttf._h_m_t_x.ttx TerminalDosis-ExtraBold.ttf._f_p_g_m.ttx TerminalDosis-ExtraBold.ttf._n_a_m_e.ttx TerminalDosis-ExtraBold.ttf.GlyphOrder.ttx TerminalDosis-Light.ttf._p_r_e_p.ttx TerminalDosis-Light.ttf._l_o_c_a.ttx TerminalDosis-Light.ttf._h_d_m_x.ttx TerminalDosis-Light.ttf._g_l_y_f.ttx TerminalDosis-Light.ttf._f_p_g_m.ttx TerminalDosis-Light.ttf._h_e_a_d.ttx TerminalDosis-Light.ttf._h_h_e_a.ttx TerminalDosis-Light.ttf.G_S_U_B_.ttx TerminalDosis-Light.ttf._c_m_a_p.ttx TerminalDosis-Light.ttf._c_v_t.ttx TerminalDosis-Light.ttf._p_o_s_t.ttx TerminalDosis-Light.ttf._h_m_t_x.ttx TerminalDosis-Light.ttf.O_S_2f_2.ttx TerminalDosis-Light.ttf._g_a_s_p.ttx TerminalDosis-Light.ttf.G_P_O_S_.ttx TerminalDosis-Light.ttf._m_a_x_p.ttx TerminalDosis-Light.ttf._k_e_r_n.ttx TerminalDosis-Light.ttf.GlyphOrder.ttx TerminalDosis-Light.ttf.V_D_M_X_.ttx TerminalDosis-Light.ttf.G_D_E_F_.ttx TerminalDosis-Light.ttf.L_T_S_H_.ttx TerminalDosis-Light.ttf._n_a_m_e.ttx /home/travis/build/fontdirectory/terminaldosis/builds/build/sources
### (2 of 6) pyfontaine
### (3 of 6) Run upstream tests
$ fontbakery-check.py upstream-repo sources
$ fontaine --collections subsets --text /home/travis/build/fontdirectory/terminaldosis/builds/build/sources/TerminalDosis-Regular.ttf.ttx /home/travis/build/fontdirectory/terminaldosis/builds/build/sources/TerminalDosis-SemiBold.ttf.ttx /home/travis/build/fontdirectory/terminaldosis/builds/build/sources/TerminalDosis-Bold.ttf.ttx /home/travis/build/fontdirectory/terminaldosis/builds/build/sources/TerminalDosis-Medium.ttf.ttx /home/travis/build/fontdirectory/terminaldosis/builds/build/sources/TerminalDosis-ExtraLight.ttf.ttx /home/travis/build/fontdirectory/terminaldosis/builds/build/sources/TerminalDosis-ExtraBold.ttf.ttx /home/travis/build/fontdirectory/terminaldosis/builds/build/sources/TerminalDosis-Light.ttf.ttx > fontaine.txt
WARNING: Please install [PyICU](https://pypi.python.org/pypi/PyICU) toenable [feature], perhaps with: pip install pyicu
bakery_lint.tests.upstream.test_prepolation.FontTestPrepolation.test_font_prepolation_glyph_contours(): OK
end of pyfontaine process
bakery_lint.tests.upstream.test_prepolation.FontTestPrepolation.test_font_prepolation_glyph_points(): OK
bakery_lint.tests.upstream.test_prepolation.FontTestPrepolation.test_font_test_prepolation_glyph_names(): OK
bakery_lint.tests.upstream.test_check_upstream_sources.ProjectUpstreamTestCase.test_bakery_yaml_exists(): OK
bakery_lint.tests.upstream.test_check_upstream_sources.ProjectUpstreamTestCase.test_copyright_notices_same_across_family(): OK
bakery_lint.tests.upstream.test_check_upstream_sources.ProjectUpstreamTestCase.test_description_html_exists(): OK
bakery_lint.tests.upstream.test_check_upstream_sources.ProjectUpstreamTestCase.test_fontlog_txt_exists(): OK
bakery_lint.tests.upstream.test_check_upstream_sources.ProjectUpstreamTestCase.test_metadata_json_exists(): OK
bakery_lint.tests.upstream.test_diacritic.TestDiacritic.test_diacritic_made_as_component(): OK
bakery_lint.tests.upstream.test_diacritic.TestDiacritic.test_diacritic_made_as_mark_to_mark(): OK
bakery_lint.tests.upstream.test_diacritic.TestDiacritic.test_diacritic_made_as_own_glyphs(): OK
$ fontbakery-check.py upstream-ttx TerminalDosis-Regular.ttf.ttx
bakery_lint.tests.upstream.test_check_ttx_requirements.SourceTTXTest.test_epar_in_keys(): FAIL
bakery_lint.tests.upstream.test_check_ttx_requirements.SourceTTXTest.test_os2_in_keys(): OK
bakery_lint.tests.upstream.test_check_ttx_requirements.SourceTTXTest.test_ttx_doesnt_contain_duplicate_glyphs(): OK
bakery_lint.tests.upstream.test_glyphname_does_not_contain_disallowed_chars.TestGlyphNameDoesNotContainsDisallowedChars.test_glyphname_does_not_contain_disallowed_chars(): OK
bakery_lint.tests.upstream.test_check_ttx_fontfamily_recommendations.TTX_FontFamilyNamingTest.test_ttx_family_naming_recommendation(): OK
bakery_lint.tests.upstream.test_font_filename_eq_familystyle.TestTTFSourceFontFileNameEqualsFamilyStyle.test_source_ttf_font_filename_equals_familystyle(): FAIL
$ mv /home/travis/build/fontdirectory/terminaldosis/builds/build/sources/TerminalDosis-Regular.ttf.ttx /home/travis/build/fontdirectory/terminaldosis/builds/build/sources/TerminalDosis-Regular.ttx
bakery_lint.tests.upstream.test_font_filename_eq_familystyle.TestTTFSourceFontFileNameEqualsFamilyStyle.test_source_ttf_font_filename_equals_familystyle(): OK
$ fontbakery-check.py upstream-ttx TerminalDosis-SemiBold.ttf.ttx
bakery_lint.tests.upstream.test_check_ttx_requirements.SourceTTXTest.test_epar_in_keys(): FAIL
bakery_lint.tests.upstream.test_check_ttx_requirements.SourceTTXTest.test_os2_in_keys(): OK
bakery_lint.tests.upstream.test_check_ttx_requirements.SourceTTXTest.test_ttx_doesnt_contain_duplicate_glyphs(): OK
bakery_lint.tests.upstream.test_glyphname_does_not_contain_disallowed_chars.TestGlyphNameDoesNotContainsDisallowedChars.test_glyphname_does_not_contain_disallowed_chars(): OK
bakery_lint.tests.upstream.test_check_ttx_fontfamily_recommendations.TTX_FontFamilyNamingTest.test_ttx_family_naming_recommendation(): OK
bakery_lint.tests.upstream.test_font_filename_eq_familystyle.TestTTFSourceFontFileNameEqualsFamilyStyle.test_source_ttf_font_filename_equals_familystyle(): FAIL
$ mv /home/travis/build/fontdirectory/terminaldosis/builds/build/sources/TerminalDosis-SemiBold.ttf.ttx /home/travis/build/fontdirectory/terminaldosis/builds/build/sources/TerminalDosis-SemiBold.ttx
bakery_lint.tests.upstream.test_font_filename_eq_familystyle.TestTTFSourceFontFileNameEqualsFamilyStyle.test_source_ttf_font_filename_equals_familystyle(): OK
$ fontbakery-check.py upstream-ttx TerminalDosis-Bold.ttf.ttx
bakery_lint.tests.upstream.test_check_ttx_requirements.SourceTTXTest.test_epar_in_keys(): FAIL
bakery_lint.tests.upstream.test_check_ttx_requirements.SourceTTXTest.test_os2_in_keys(): OK
bakery_lint.tests.upstream.test_check_ttx_requirements.SourceTTXTest.test_ttx_doesnt_contain_duplicate_glyphs(): OK
bakery_lint.tests.upstream.test_glyphname_does_not_contain_disallowed_chars.TestGlyphNameDoesNotContainsDisallowedChars.test_glyphname_does_not_contain_disallowed_chars(): OK
bakery_lint.tests.upstream.test_check_ttx_fontfamily_recommendations.TTX_FontFamilyNamingTest.test_ttx_family_naming_recommendation(): OK
bakery_lint.tests.upstream.test_font_filename_eq_familystyle.TestTTFSourceFontFileNameEqualsFamilyStyle.test_source_ttf_font_filename_equals_familystyle(): FAIL
$ mv /home/travis/build/fontdirectory/terminaldosis/builds/build/sources/TerminalDosis-Bold.ttf.ttx /home/travis/build/fontdirectory/terminaldosis/builds/build/sources/TerminalDosis-Bold.ttx
bakery_lint.tests.upstream.test_font_filename_eq_familystyle.TestTTFSourceFontFileNameEqualsFamilyStyle.test_source_ttf_font_filename_equals_familystyle(): OK
$ fontbakery-check.py upstream-ttx TerminalDosis-Medium.ttf.ttx
bakery_lint.tests.upstream.test_check_ttx_requirements.SourceTTXTest.test_epar_in_keys(): FAIL
bakery_lint.tests.upstream.test_check_ttx_requirements.SourceTTXTest.test_os2_in_keys(): OK
bakery_lint.tests.upstream.test_check_ttx_requirements.SourceTTXTest.test_ttx_doesnt_contain_duplicate_glyphs(): OK
bakery_lint.tests.upstream.test_glyphname_does_not_contain_disallowed_chars.TestGlyphNameDoesNotContainsDisallowedChars.test_glyphname_does_not_contain_disallowed_chars(): OK
bakery_lint.tests.upstream.test_check_ttx_fontfamily_recommendations.TTX_FontFamilyNamingTest.test_ttx_family_naming_recommendation(): OK
bakery_lint.tests.upstream.test_font_filename_eq_familystyle.TestTTFSourceFontFileNameEqualsFamilyStyle.test_source_ttf_font_filename_equals_familystyle(): FAIL
$ mv /home/travis/build/fontdirectory/terminaldosis/builds/build/sources/TerminalDosis-Medium.ttf.ttx /home/travis/build/fontdirectory/terminaldosis/builds/build/sources/TerminalDosis-Medium.ttx
bakery_lint.tests.upstream.test_font_filename_eq_familystyle.TestTTFSourceFontFileNameEqualsFamilyStyle.test_source_ttf_font_filename_equals_familystyle(): OK
$ fontbakery-check.py upstream-ttx TerminalDosis-ExtraLight.ttf.ttx
bakery_lint.tests.upstream.test_check_ttx_requirements.SourceTTXTest.test_epar_in_keys(): FAIL
bakery_lint.tests.upstream.test_check_ttx_requirements.SourceTTXTest.test_os2_in_keys(): OK
bakery_lint.tests.upstream.test_check_ttx_requirements.SourceTTXTest.test_ttx_doesnt_contain_duplicate_glyphs(): OK
bakery_lint.tests.upstream.test_glyphname_does_not_contain_disallowed_chars.TestGlyphNameDoesNotContainsDisallowedChars.test_glyphname_does_not_contain_disallowed_chars(): OK
bakery_lint.tests.upstream.test_check_ttx_fontfamily_recommendations.TTX_FontFamilyNamingTest.test_ttx_family_naming_recommendation(): FAIL
bakery_lint.tests.upstream.test_font_filename_eq_familystyle.TestTTFSourceFontFileNameEqualsFamilyStyle.test_source_ttf_font_filename_equals_familystyle(): FAIL
$ mv /home/travis/build/fontdirectory/terminaldosis/builds/build/sources/TerminalDosis-ExtraLight.ttf.ttx /home/travis/build/fontdirectory/terminaldosis/builds/build/sources/TerminalDosis-ExtraLight.ttx
bakery_lint.tests.upstream.test_font_filename_eq_familystyle.TestTTFSourceFontFileNameEqualsFamilyStyle.test_source_ttf_font_filename_equals_familystyle(): OK
$ fontbakery-check.py upstream-ttx TerminalDosis-ExtraBold.ttf.ttx
bakery_lint.tests.upstream.test_check_ttx_requirements.SourceTTXTest.test_epar_in_keys(): FAIL
bakery_lint.tests.upstream.test_check_ttx_requirements.SourceTTXTest.test_os2_in_keys(): OK
bakery_lint.tests.upstream.test_check_ttx_requirements.SourceTTXTest.test_ttx_doesnt_contain_duplicate_glyphs(): OK
bakery_lint.tests.upstream.test_glyphname_does_not_contain_disallowed_chars.TestGlyphNameDoesNotContainsDisallowedChars.test_glyphname_does_not_contain_disallowed_chars(): OK
bakery_lint.tests.upstream.test_check_ttx_fontfamily_recommendations.TTX_FontFamilyNamingTest.test_ttx_family_naming_recommendation(): OK
bakery_lint.tests.upstream.test_font_filename_eq_familystyle.TestTTFSourceFontFileNameEqualsFamilyStyle.test_source_ttf_font_filename_equals_familystyle(): FAIL
$ mv /home/travis/build/fontdirectory/terminaldosis/builds/build/sources/TerminalDosis-ExtraBold.ttf.ttx /home/travis/build/fontdirectory/terminaldosis/builds/build/sources/TerminalDosis-ExtraBold.ttx
bakery_lint.tests.upstream.test_font_filename_eq_familystyle.TestTTFSourceFontFileNameEqualsFamilyStyle.test_source_ttf_font_filename_equals_familystyle(): OK
$ fontbakery-check.py upstream-ttx TerminalDosis-Light.ttf.ttx
bakery_lint.tests.upstream.test_check_ttx_requirements.SourceTTXTest.test_epar_in_keys(): FAIL
bakery_lint.tests.upstream.test_check_ttx_requirements.SourceTTXTest.test_os2_in_keys(): OK
bakery_lint.tests.upstream.test_check_ttx_requirements.SourceTTXTest.test_ttx_doesnt_contain_duplicate_glyphs(): OK
bakery_lint.tests.upstream.test_glyphname_does_not_contain_disallowed_chars.TestGlyphNameDoesNotContainsDisallowedChars.test_glyphname_does_not_contain_disallowed_chars(): OK
bakery_lint.tests.upstream.test_check_ttx_fontfamily_recommendations.TTX_FontFamilyNamingTest.test_ttx_family_naming_recommendation(): OK
bakery_lint.tests.upstream.test_font_filename_eq_familystyle.TestTTFSourceFontFileNameEqualsFamilyStyle.test_source_ttf_font_filename_equals_familystyle(): FAIL
$ mv /home/travis/build/fontdirectory/terminaldosis/builds/build/sources/TerminalDosis-Light.ttf.ttx /home/travis/build/fontdirectory/terminaldosis/builds/build/sources/TerminalDosis-Light.ttx
bakery_lint.tests.upstream.test_font_filename_eq_familystyle.TestTTFSourceFontFileNameEqualsFamilyStyle.test_source_ttf_font_filename_equals_familystyle(): OK
### (4 of 6) Convert sources to TTF
$ ttx -d /home/travis/build/fontdirectory/terminaldosis/builds/build /home/travis/build/fontdirectory/terminaldosis/builds/build/sources/TerminalDosis-Bold.ttx /home/travis/build/fontdirectory/terminaldosis/builds/build/sources/TerminalDosis-ExtraLight.ttx /home/travis/build/fontdirectory/terminaldosis/builds/build/sources/TerminalDosis-Light.ttx /home/travis/build/fontdirectory/terminaldosis/builds/build/sources/TerminalDosis-Regular.ttx /home/travis/build/fontdirectory/terminaldosis/builds/build/sources/TerminalDosis-SemiBold.ttx /home/travis/build/fontdirectory/terminaldosis/builds/build/sources/TerminalDosis-ExtraBold.ttx /home/travis/build/fontdirectory/terminaldosis/builds/build/sources/TerminalDosis-Medium.ttx
Compiling "/home/travis/build/fontdirectory/terminaldosis/builds/build/sources/TerminalDosis-Bold.ttx" to "/home/travis/build/fontdirectory/terminaldosis/builds/build/TerminalDosis-Bold.ttf"...
Parsing 'GlyphOrder' table...
Parsing 'head' table...
Parsing 'hhea' table...
Parsing 'maxp' table...
Parsing 'OS/2' table...
Parsing 'hmtx' table...
Parsing 'LTSH' table...
Parsing 'VDMX' table...
Parsing 'hdmx' table...
Parsing 'cmap' table...
Parsing 'fpgm' table...
Parsing 'prep' table...
Parsing 'cvt ' table...
Parsing 'loca' table...
Parsing 'glyf' table...
Parsing 'kern' table...
Parsing 'name' table...
Parsing 'post' table...
Parsing 'gasp' table...
Parsing 'GDEF' table...
Parsing 'GPOS' table...
Parsing 'GSUB' table...
Compiling "/home/travis/build/fontdirectory/terminaldosis/builds/build/sources/TerminalDosis-ExtraLight.ttx" to "/home/travis/build/fontdirectory/terminaldosis/builds/build/TerminalDosis-ExtraLight.ttf"...
Parsing 'GlyphOrder' table...
Parsing 'head' table...
Parsing 'hhea' table...
Parsing 'maxp' table...
Parsing 'OS/2' table...
Parsing 'hmtx' table...
Parsing 'LTSH' table...
Parsing 'VDMX' table...
Parsing 'hdmx' table...
Parsing 'cmap' table...
Parsing 'fpgm' table...
Parsing 'prep' table...
Parsing 'cvt ' table...
Parsing 'loca' table...
Parsing 'glyf' table...
Parsing 'kern' table...
Parsing 'name' table...
Parsing 'post' table...
Parsing 'gasp' table...
Parsing 'GDEF' table...
Parsing 'GPOS' table...
Parsing 'GSUB' table...
Compiling "/home/travis/build/fontdirectory/terminaldosis/builds/build/sources/TerminalDosis-Light.ttx" to "/home/travis/build/fontdirectory/terminaldosis/builds/build/TerminalDosis-Light.ttf"...
Parsing 'GlyphOrder' table...
Parsing 'head' table...
Parsing 'hhea' table...
Parsing 'maxp' table...
Parsing 'OS/2' table...
Parsing 'hmtx' table...
Parsing 'LTSH' table...
Parsing 'VDMX' table...
Parsing 'hdmx' table...
Parsing 'cmap' table...
Parsing 'fpgm' table...
Parsing 'prep' table...
Parsing 'cvt ' table...
Parsing 'loca' table...
Parsing 'glyf' table...
Parsing 'kern' table...
Parsing 'name' table...
Parsing 'post' table...
Parsing 'gasp' table...
Parsing 'GDEF' table...
Parsing 'GPOS' table...
Parsing 'GSUB' table...
Compiling "/home/travis/build/fontdirectory/terminaldosis/builds/build/sources/TerminalDosis-Regular.ttx" to "/home/travis/build/fontdirectory/terminaldosis/builds/build/TerminalDosis-Regular.ttf"...
Parsing 'GlyphOrder' table...
Parsing 'head' table...
Parsing 'hhea' table...
Parsing 'maxp' table...
Parsing 'OS/2' table...
Parsing 'hmtx' table...
Parsing 'LTSH' table...
Parsing 'VDMX' table...
Parsing 'hdmx' table...
Parsing 'cmap' table...
Parsing 'fpgm' table...
Parsing 'prep' table...
Parsing 'cvt ' table...
Parsing 'loca' table...
Parsing 'glyf' table...
Parsing 'kern' table...
Parsing 'name' table...
Parsing 'post' table...
Parsing 'gasp' table...
Parsing 'GDEF' table...
Parsing 'GPOS' table...
Parsing 'GSUB' table...
Compiling "/home/travis/build/fontdirectory/terminaldosis/builds/build/sources/TerminalDosis-SemiBold.ttx" to "/home/travis/build/fontdirectory/terminaldosis/builds/build/TerminalDosis-SemiBold.ttf"...
Parsing 'GlyphOrder' table...
Parsing 'head' table...
Parsing 'hhea' table...
Parsing 'maxp' table...
Parsing 'OS/2' table...
Parsing 'hmtx' table...
Parsing 'LTSH' table...
Parsing 'VDMX' table...
Parsing 'hdmx' table...
Parsing 'cmap' table...
Parsing 'fpgm' table...
Parsing 'prep' table...
Parsing 'cvt ' table...
Parsing 'loca' table...
Parsing 'glyf' table...
Parsing 'kern' table...
Parsing 'name' table...
Parsing 'post' table...
Parsing 'gasp' table...
Parsing 'GDEF' table...
Parsing 'GPOS' table...
Parsing 'GSUB' table...
Compiling "/home/travis/build/fontdirectory/terminaldosis/builds/build/sources/TerminalDosis-ExtraBold.ttx" to "/home/travis/build/fontdirectory/terminaldosis/builds/build/TerminalDosis-ExtraBold.ttf"...
Parsing 'GlyphOrder' table...
Parsing 'head' table...
Parsing 'hhea' table...
Parsing 'maxp' table...
Parsing 'OS/2' table...
Parsing 'hmtx' table...
Parsing 'LTSH' table...
Parsing 'VDMX' table...
Parsing 'hdmx' table...
Parsing 'cmap' table...
Parsing 'fpgm' table...
Parsing 'prep' table...
Parsing 'cvt ' table...
Parsing 'loca' table...
Parsing 'glyf' table...
Parsing 'kern' table...
Parsing 'name' table...
Parsing 'post' table...
Parsing 'gasp' table...
Parsing 'GDEF' table...
Parsing 'GPOS' table...
Parsing 'GSUB' table...
Compiling "/home/travis/build/fontdirectory/terminaldosis/builds/build/sources/TerminalDosis-Medium.ttx" to "/home/travis/build/fontdirectory/terminaldosis/builds/build/TerminalDosis-Medium.ttf"...
Parsing 'GlyphOrder' table...
Parsing 'head' table...
Parsing 'hhea' table...
Parsing 'maxp' table...
Parsing 'OS/2' table...
Parsing 'hmtx' table...
Parsing 'LTSH' table...
Parsing 'VDMX' table...
Parsing 'hdmx' table...
Parsing 'cmap' table...
Parsing 'fpgm' table...
Parsing 'prep' table...
Parsing 'cvt ' table...
Parsing 'loca' table...
Parsing 'glyf' table...
Parsing 'kern' table...
Parsing 'name' table...
Parsing 'post' table...
Parsing 'gasp' table...
Parsing 'GDEF' table...
Parsing 'GPOS' table...
Parsing 'GSUB' table...
### Test TerminalDosis-Bold.ttf
$ fontbakery-check.py result TerminalDosis-Bold.ttf
bakery_lint.tests.downstream.test_check_font_agreements.CheckFsTypeIsNotSet.test_is_fstype_not_set(): OK
$ fontbakery-fix-fstype.py --autofix /home/travis/build/fontdirectory/terminaldosis/builds/build/TerminalDosis-Bold.ttf
$ mv /home/travis/build/fontdirectory/terminaldosis/builds/build/TerminalDosis-Bold.ttf.fix /home/travis/build/fontdirectory/terminaldosis/builds/build/TerminalDosis-Bold.ttf
bakery_lint.tests.downstream.test_check_font_agreements.CheckFontAgreements.test_em_is_1000(): OK
bakery_lint.tests.downstream.test_check_font_agreements.CheckFontAgreements.test_font_is_font(): OK
bakery_lint.tests.downstream.test_check_font_agreements.CheckFontAgreements.test_latin_file_exists(): FAIL
bakery_lint.tests.downstream.test_check_font_agreements.CheckFontAgreements.test_menu_file_exists(): FAIL
bakery_lint.tests.downstream.test_check_unencoded_glyph.TestFontUnencodedGlyph.test_font_unencoded_glyphs(): FAIL
$ fontbakery-fix-glyph-private-encoding.py --autofix /home/travis/build/fontdirectory/terminaldosis/builds/build/TerminalDosis-Bold.ttf
$ mv /home/travis/build/fontdirectory/terminaldosis/builds/build/TerminalDosis-Bold.ttf.fix /home/travis/build/fontdirectory/terminaldosis/builds/build/TerminalDosis-Bold.ttf
bakery_lint.tests.downstream.test_check_unencoded_glyph.TestFontUnencodedGlyph.test_font_unencoded_glyphs(): FAIL
bakery_lint.tests.downstream.test_check_name_table_recommendation.CheckStyleNameRecommendation.test_check_stylename_is_under_recommendations(): OK
bakery_lint.tests.downstream.test_check_name_table_recommendation.CheckOTFamilyNameRecommendation.test_check_opentype_familyname(): FAIL
$ fontbakery-fix-opentype-names.py /home/travis/build/fontdirectory/terminaldosis/builds/build/TerminalDosis-Bold.ttf
$ mv /home/travis/build/fontdirectory/terminaldosis/builds/build/TerminalDosis-Bold.ttf.fix /home/travis/build/fontdirectory/terminaldosis/builds/build/TerminalDosis-Bold.ttf
bakery_lint.tests.downstream.test_check_name_table_recommendation.CheckOTFamilyNameRecommendation.test_check_opentype_familyname(): OK
bakery_lint.tests.downstream.test_check_name_table_recommendation.CheckOTStyleNameRecommendation.test_check_opentype_stylename(): OK
bakery_lint.tests.downstream.test_check_name_table_recommendation.CheckOTFullNameRecommendation.test_check_opentype_fullname(): OK
bakery_lint.tests.downstream.test_check_upm_heights_less_120.TestCheckUPMHeightsLess120.test_check_upm_heigths_less_120(): FAIL
bakery_lint.tests.downstream.test_check_vertical_metrics.CheckVerticalLinegapMetrics.test_metrics_linegaps_are_zero(): OK
bakery_lint.tests.downstream.test_check_vertical_metrics.CheckVerticalAscentMetrics.test_metrics_ascents_equal_bbox(): OK
bakery_lint.tests.downstream.test_check_vertical_metrics.CheckVerticalDescentMetrics.test_metrics_descents_equal_bbox(): OK
bakery_lint.tests.downstream.test_check_magic_prep_code.CheckMagicPREPByteCode.test_prep_magic_code(): FAIL
bakery_lint.tests.downstream.test_check_glyf_table_length.CheckGlyfTableLength.test_check_glyf_table_length(): FAIL
bakery_lint.tests.downstream.test_check_nbsp_width_matches_sp_width.CheckNbspWidthMatchesSpWidth.test_check_nbsp_width_matches_sp_width(): OK
The following table(s) in the font have been ignored by FontForge
  Ignoring 'LTSH' linear threshold table
  Ignoring 'VDMX' vertical device metrics table
  Ignoring 'hdmx' horizontal device metrics table
This font contains both a 'kern' table and a 'GPOS' table.
  The 'kern' table will only be read if there is no 'kern' feature in 'GPOS'.
bakery_lint.tests.downstream.test_fontforge_validation_state.FontForgeValidateStateTest.test_allowed_numbers_paths_in_composite_glyphs(): OK
bakery_lint.tests.downstream.test_fontforge_validation_state.FontForgeValidateStateTest.test_allowed_numbers_paths_in_glyphs(): OK
bakery_lint.tests.downstream.test_fontforge_validation_state.FontForgeValidateStateTest.test_allowed_numbers_points_in_composite_glyphs(): OK
bakery_lint.tests.downstream.test_fontforge_validation_state.FontForgeValidateStateTest.test_allowed_numbers_points_in_glyphs(): OK
bakery_lint.tests.downstream.test_fontforge_validation_state.FontForgeValidateStateTest.test_duplicate_glyphs(): OK
bakery_lint.tests.downstream.test_fontforge_validation_state.FontForgeValidateStateTest.test_duplicate_unicode_codepoints(): OK
bakery_lint.tests.downstream.test_fontforge_validation_state.FontForgeValidateStateTest.test_flipped_reference_in_glyphs(): OK
bakery_lint.tests.downstream.test_fontforge_validation_state.FontForgeValidateStateTest.test_missing_anchors(): OK
bakery_lint.tests.downstream.test_fontforge_validation_state.FontForgeValidateStateTest.test_missing_extrema_in_glyphs(): OK
bakery_lint.tests.downstream.test_fontforge_validation_state.FontForgeValidateStateTest.test_overlapped_hints(): OK
bakery_lint.tests.downstream.test_fontforge_validation_state.FontForgeValidateStateTest.test_points_are_integer_aligned(): OK
bakery_lint.tests.downstream.test_fontforge_validation_state.FontForgeValidateStateTest.test_points_are_not_too_far_apart(): OK
bakery_lint.tests.downstream.test_fontforge_validation_state.FontForgeValidateStateTest.test_postscript_hasnt_limit_hints_in_glyphs(): OK
bakery_lint.tests.downstream.test_fontforge_validation_state.FontForgeValidateStateTest.test_postscript_hasnt_limit_points_in_glyphs(): OK
bakery_lint.tests.downstream.test_fontforge_validation_state.FontForgeValidateStateTest.test_referenced_glyphs_are_present(): OK
bakery_lint.tests.downstream.test_fontforge_validation_state.FontForgeValidateStateTest.test_valid_glyph_names(): OK
bakery_lint.tests.downstream.test_fontforge_validation_state.FontForgeValidateStateTest.test_valid_length_instructions(): OK
bakery_lint.tests.downstream.test_fontforge_validation_state.FontForgeValidateStateTest.test_validation_glyph_intersect(): OK
bakery_lint.tests.downstream.test_fontforge_validation_state.FontForgeValidateStateTest.test_validation_open_contours(): OK
bakery_lint.tests.downstream.test_fontforge_validation_state.FontForgeValidateStateTest.test_wrong_direction_in_glyphs(): OK
bakery_lint.tests.downstream.test_gpos_table_has_kerning_info.CheckGposTableHasKerningInfo.test_gpos_table_has_kerning_info(): OK
bakery_lint.tests.downstream.test_check_font_tables.CheckFontHasDsigTable.test_check_font_has_dsig_table(): FAIL
$ fontbakery-fix-dsig.py /home/travis/build/fontdirectory/terminaldosis/builds/build/TerminalDosis-Bold.ttf
$ mv /home/travis/build/fontdirectory/terminaldosis/builds/build/TerminalDosis-Bold.ttf.fix /home/travis/build/fontdirectory/terminaldosis/builds/build/TerminalDosis-Bold.ttf
bakery_lint.tests.downstream.test_check_font_tables.CheckFontHasDsigTable.test_check_font_has_dsig_table(): OK
bakery_lint.tests.downstream.test_check_font_tables.CheckFontHasNotKernTable.test_no_kern_table_exists(): OK
bakery_lint.tests.downstream.test_check_license_included.CheckLicenseIncluded.test_license_included_in_font_names(): OK
bakery_lint.tests.downstream.test_check_no_problematic_formats.CheckNoProblematicFormats.test_check_no_problematic_formats(): OK
bakery_lint.tests.downstream.test_check_full_font_name_begins_with_family_name.CheckFullFontNameBeginsWithFamilyName.test_check_full_font_name_begins_with_family_name(): OK
bakery_lint.tests.downstream.test_check_unused_glyph_data.CheckUnusedGlyphData.test_check_unused_glyph_data(): ERROR
bakery_lint.tests.downstream.test_check_panose_identification.CheckPanoseIdentification.test_check_panose_identification(): OK
bakery_lint.tests.downstream.test_check_names_same_across_platforms.CheckNamesSameAcrossPlatforms.test_check_names_same_across_platforms(): OK
bakery_lint.tests.downstream.test_check_glyph_existence.CheckGlyphExistence.test_euro(): OK
bakery_lint.tests.downstream.test_check_glyph_existence.CheckGlyphExistence.test_nbsp(): OK
bakery_lint.tests.downstream.test_check_glyph_existence.CheckGlyphExistence.test_space(): OK
bakery_lint.tests.downstream.test_gasp_table_value.CheckGaspTableType.test_check_gasp_table_type(): FAIL
$ fontbakery-fix-gasp.py --set=15 /home/travis/build/fontdirectory/terminaldosis/builds/build/TerminalDosis-Bold.ttf
$ mv /home/travis/build/fontdirectory/terminaldosis/builds/build/TerminalDosis-Bold.ttf.fix /home/travis/build/fontdirectory/terminaldosis/builds/build/TerminalDosis-Bold.ttf
bakery_lint.tests.downstream.test_gasp_table_value.CheckGaspTableType.test_check_gasp_table_type(): OK
$ fontbakery-fix-gasp.py --set=15 /home/travis/build/fontdirectory/terminaldosis/builds/build/TerminalDosis-Bold.ttf
$ mv /home/travis/build/fontdirectory/terminaldosis/builds/build/TerminalDosis-Bold.ttf.fix /home/travis/build/fontdirectory/terminaldosis/builds/build/TerminalDosis-Bold.ttf
bakery_lint.tests.downstream.test_names_are_ascii_only.CheckNamesAreASCIIOnly.test_check_names_are_ascii_only(): OK
bakery_lint.tests.downstream.test_check_os2_width_class.CheckOS2WidthClass.test_check_os2_width_class(): OK
bakery_lint.tests.downstream.test_check_fontname_matches_macstyle.CheckFontNameEqualToMacStyleFlags.test_fontname_is_equal_to_macstyle(): FAIL
bakery_lint.tests.downstream.test_check_italic_angle_agreement.CheckItalicAngleAgreement.test_check_italic_angle_agreement(): OK
bakery_lint.tests.downstream.test_check_hmtx_hhea_max_advance_width_agreement.CheckHmtxHheaMaxAdvanceWidthAgreement.test_check_hmtx_hhea_max_advance_width_agreement(): OK
### Optimize TTF TerminalDosis-Bold.ttf
$ ls -l 'TerminalDosis-Bold.ttf'* # look at the size savings of that subset process
TerminalDosis-Bold.ttf.opt: 123128 bytes
TerminalDosis-Bold.ttf: 135236 bytes
$ mv /home/travis/build/fontdirectory/terminaldosis/builds/build/TerminalDosis-Bold.ttf.opt /home/travis/build/fontdirectory/terminaldosis/builds/build/TerminalDosis-Bold.ttf
### Autohint TTFs (ttfautohint) TerminalDosis-Bold.ttf
$ ttfautohint -l 7 -r 28 -G 50 -x 13 -w "G" /home/travis/build/fontdirectory/terminaldosis/builds/build/TerminalDosis-Bold.ttf '/home/travis/build/fontdirectory/terminaldosis/builds/build/TerminalDosis-Bold.autohint.ttf'

$ ls -l /home/travis/build/fontdirectory/terminaldosis/builds/build/TerminalDosis-Bold.*ttf # look at the size savings of that subset process
/home/travis/build/fontdirectory/terminaldosis/builds/build/TerminalDosis-Bold.ttf: 123128 bytes
/home/travis/build/fontdirectory/terminaldosis/builds/build/TerminalDosis-Bold.autohint.ttf: 100348 bytes
$ mv /home/travis/build/fontdirectory/terminaldosis/builds/build/TerminalDosis-Bold.autohint.ttf /home/travis/build/fontdirectory/terminaldosis/builds/build/TerminalDosis-Bold.ttf
### Subset TTFs (pyftsubset) TerminalDosis-Bold.ttf
$ pyftsubset TerminalDosis-Bold.latin
$ pyftsubset TerminalDosis-Bold.menu
strippedname:/home/travis/build/fontdirectory/terminaldosis/builds/build/TerminalDosis-Bold.ttf
### Test TerminalDosis-ExtraLight.ttf
$ fontbakery-check.py result TerminalDosis-ExtraLight.ttf
bakery_lint.tests.downstream.test_check_font_agreements.CheckFsTypeIsNotSet.test_is_fstype_not_set(): OK
$ fontbakery-fix-fstype.py --autofix /home/travis/build/fontdirectory/terminaldosis/builds/build/TerminalDosis-ExtraLight.ttf
$ mv /home/travis/build/fontdirectory/terminaldosis/builds/build/TerminalDosis-ExtraLight.ttf.fix /home/travis/build/fontdirectory/terminaldosis/builds/build/TerminalDosis-ExtraLight.ttf
bakery_lint.tests.downstream.test_check_font_agreements.CheckFontAgreements.test_em_is_1000(): OK
bakery_lint.tests.downstream.test_check_font_agreements.CheckFontAgreements.test_font_is_font(): OK
bakery_lint.tests.downstream.test_check_font_agreements.CheckFontAgreements.test_latin_file_exists(): FAIL
bakery_lint.tests.downstream.test_check_font_agreements.CheckFontAgreements.test_menu_file_exists(): FAIL
bakery_lint.tests.downstream.test_check_unencoded_glyph.TestFontUnencodedGlyph.test_font_unencoded_glyphs(): FAIL
$ fontbakery-fix-glyph-private-encoding.py --autofix /home/travis/build/fontdirectory/terminaldosis/builds/build/TerminalDosis-ExtraLight.ttf
$ mv /home/travis/build/fontdirectory/terminaldosis/builds/build/TerminalDosis-ExtraLight.ttf.fix /home/travis/build/fontdirectory/terminaldosis/builds/build/TerminalDosis-ExtraLight.ttf
bakery_lint.tests.downstream.test_check_unencoded_glyph.TestFontUnencodedGlyph.test_font_unencoded_glyphs(): FAIL
bakery_lint.tests.downstream.test_check_name_table_recommendation.CheckStyleNameRecommendation.test_check_stylename_is_under_recommendations(): FAIL
$ fontbakery-fix-opentype-names.py /home/travis/build/fontdirectory/terminaldosis/builds/build/TerminalDosis-ExtraLight.ttf
$ mv /home/travis/build/fontdirectory/terminaldosis/builds/build/TerminalDosis-ExtraLight.ttf.fix /home/travis/build/fontdirectory/terminaldosis/builds/build/TerminalDosis-ExtraLight.ttf
bakery_lint.tests.downstream.test_check_name_table_recommendation.CheckStyleNameRecommendation.test_check_stylename_is_under_recommendations(): FAIL
bakery_lint.tests.downstream.test_check_name_table_recommendation.CheckOTFamilyNameRecommendation.test_check_opentype_familyname(): OK
bakery_lint.tests.downstream.test_check_name_table_recommendation.CheckOTStyleNameRecommendation.test_check_opentype_stylename(): FAIL
$ fontbakery-fix-opentype-names.py /home/travis/build/fontdirectory/terminaldosis/builds/build/TerminalDosis-ExtraLight.ttf
$ mv /home/travis/build/fontdirectory/terminaldosis/builds/build/TerminalDosis-ExtraLight.ttf.fix /home/travis/build/fontdirectory/terminaldosis/builds/build/TerminalDosis-ExtraLight.ttf
bakery_lint.tests.downstream.test_check_name_table_recommendation.CheckOTStyleNameRecommendation.test_check_opentype_stylename(): FAIL
bakery_lint.tests.downstream.test_check_name_table_recommendation.CheckOTFullNameRecommendation.test_check_opentype_fullname(): OK
bakery_lint.tests.downstream.test_check_upm_heights_less_120.TestCheckUPMHeightsLess120.test_check_upm_heigths_less_120(): FAIL
bakery_lint.tests.downstream.test_check_vertical_metrics.CheckVerticalLinegapMetrics.test_metrics_linegaps_are_zero(): OK
bakery_lint.tests.downstream.test_check_vertical_metrics.CheckVerticalAscentMetrics.test_metrics_ascents_equal_bbox(): OK
bakery_lint.tests.downstream.test_check_vertical_metrics.CheckVerticalDescentMetrics.test_metrics_descents_equal_bbox(): OK
bakery_lint.tests.downstream.test_check_magic_prep_code.CheckMagicPREPByteCode.test_prep_magic_code(): FAIL
bakery_lint.tests.downstream.test_check_glyf_table_length.CheckGlyfTableLength.test_check_glyf_table_length(): FAIL
bakery_lint.tests.downstream.test_check_nbsp_width_matches_sp_width.CheckNbspWidthMatchesSpWidth.test_check_nbsp_width_matches_sp_width(): OK
The following table(s) in the font have been ignored by FontForge
  Ignoring 'LTSH' linear threshold table
  Ignoring 'VDMX' vertical device metrics table
  Ignoring 'hdmx' horizontal device metrics table
This font contains both a 'kern' table and a 'GPOS' table.
  The 'kern' table will only be read if there is no 'kern' feature in 'GPOS'.
bakery_lint.tests.downstream.test_fontforge_validation_state.FontForgeValidateStateTest.test_allowed_numbers_paths_in_composite_glyphs(): OK
bakery_lint.tests.downstream.test_fontforge_validation_state.FontForgeValidateStateTest.test_allowed_numbers_paths_in_glyphs(): OK
bakery_lint.tests.downstream.test_fontforge_validation_state.FontForgeValidateStateTest.test_allowed_numbers_points_in_composite_glyphs(): OK
bakery_lint.tests.downstream.test_fontforge_validation_state.FontForgeValidateStateTest.test_allowed_numbers_points_in_glyphs(): OK
bakery_lint.tests.downstream.test_fontforge_validation_state.FontForgeValidateStateTest.test_duplicate_glyphs(): OK
bakery_lint.tests.downstream.test_fontforge_validation_state.FontForgeValidateStateTest.test_duplicate_unicode_codepoints(): OK
bakery_lint.tests.downstream.test_fontforge_validation_state.FontForgeValidateStateTest.test_flipped_reference_in_glyphs(): OK
bakery_lint.tests.downstream.test_fontforge_validation_state.FontForgeValidateStateTest.test_missing_anchors(): OK
bakery_lint.tests.downstream.test_fontforge_validation_state.FontForgeValidateStateTest.test_missing_extrema_in_glyphs(): OK
bakery_lint.tests.downstream.test_fontforge_validation_state.FontForgeValidateStateTest.test_overlapped_hints(): OK
bakery_lint.tests.downstream.test_fontforge_validation_state.FontForgeValidateStateTest.test_points_are_integer_aligned(): OK
bakery_lint.tests.downstream.test_fontforge_validation_state.FontForgeValidateStateTest.test_points_are_not_too_far_apart(): OK
bakery_lint.tests.downstream.test_fontforge_validation_state.FontForgeValidateStateTest.test_postscript_hasnt_limit_hints_in_glyphs(): OK
bakery_lint.tests.downstream.test_fontforge_validation_state.FontForgeValidateStateTest.test_postscript_hasnt_limit_points_in_glyphs(): OK
bakery_lint.tests.downstream.test_fontforge_validation_state.FontForgeValidateStateTest.test_referenced_glyphs_are_present(): OK
bakery_lint.tests.downstream.test_fontforge_validation_state.FontForgeValidateStateTest.test_valid_glyph_names(): OK
bakery_lint.tests.downstream.test_fontforge_validation_state.FontForgeValidateStateTest.test_valid_length_instructions(): OK
bakery_lint.tests.downstream.test_fontforge_validation_state.FontForgeValidateStateTest.test_validation_glyph_intersect(): OK
bakery_lint.tests.downstream.test_fontforge_validation_state.FontForgeValidateStateTest.test_validation_open_contours(): OK
bakery_lint.tests.downstream.test_fontforge_validation_state.FontForgeValidateStateTest.test_wrong_direction_in_glyphs(): OK
bakery_lint.tests.downstream.test_gpos_table_has_kerning_info.CheckGposTableHasKerningInfo.test_gpos_table_has_kerning_info(): OK
bakery_lint.tests.downstream.test_check_font_tables.CheckFontHasDsigTable.test_check_font_has_dsig_table(): FAIL
$ fontbakery-fix-dsig.py /home/travis/build/fontdirectory/terminaldosis/builds/build/TerminalDosis-ExtraLight.ttf
$ mv /home/travis/build/fontdirectory/terminaldosis/builds/build/TerminalDosis-ExtraLight.ttf.fix /home/travis/build/fontdirectory/terminaldosis/builds/build/TerminalDosis-ExtraLight.ttf
bakery_lint.tests.downstream.test_check_font_tables.CheckFontHasDsigTable.test_check_font_has_dsig_table(): OK
bakery_lint.tests.downstream.test_check_font_tables.CheckFontHasNotKernTable.test_no_kern_table_exists(): OK
bakery_lint.tests.downstream.test_check_license_included.CheckLicenseIncluded.test_license_included_in_font_names(): OK
bakery_lint.tests.downstream.test_check_no_problematic_formats.CheckNoProblematicFormats.test_check_no_problematic_formats(): OK
bakery_lint.tests.downstream.test_check_full_font_name_begins_with_family_name.CheckFullFontNameBeginsWithFamilyName.test_check_full_font_name_begins_with_family_name(): OK
bakery_lint.tests.downstream.test_check_unused_glyph_data.CheckUnusedGlyphData.test_check_unused_glyph_data(): ERROR
bakery_lint.tests.downstream.test_check_panose_identification.CheckPanoseIdentification.test_check_panose_identification(): OK
bakery_lint.tests.downstream.test_check_names_same_across_platforms.CheckNamesSameAcrossPlatforms.test_check_names_same_across_platforms(): OK
bakery_lint.tests.downstream.test_check_glyph_existence.CheckGlyphExistence.test_euro(): OK
bakery_lint.tests.downstream.test_check_glyph_existence.CheckGlyphExistence.test_nbsp(): OK
bakery_lint.tests.downstream.test_check_glyph_existence.CheckGlyphExistence.test_space(): OK
bakery_lint.tests.downstream.test_gasp_table_value.CheckGaspTableType.test_check_gasp_table_type(): FAIL
$ fontbakery-fix-gasp.py --set=15 /home/travis/build/fontdirectory/terminaldosis/builds/build/TerminalDosis-ExtraLight.ttf
$ mv /home/travis/build/fontdirectory/terminaldosis/builds/build/TerminalDosis-ExtraLight.ttf.fix /home/travis/build/fontdirectory/terminaldosis/builds/build/TerminalDosis-ExtraLight.ttf
bakery_lint.tests.downstream.test_gasp_table_value.CheckGaspTableType.test_check_gasp_table_type(): OK
$ fontbakery-fix-gasp.py --set=15 /home/travis/build/fontdirectory/terminaldosis/builds/build/TerminalDosis-ExtraLight.ttf
$ mv /home/travis/build/fontdirectory/terminaldosis/builds/build/TerminalDosis-ExtraLight.ttf.fix /home/travis/build/fontdirectory/terminaldosis/builds/build/TerminalDosis-ExtraLight.ttf
bakery_lint.tests.downstream.test_names_are_ascii_only.CheckNamesAreASCIIOnly.test_check_names_are_ascii_only(): OK
bakery_lint.tests.downstream.test_check_os2_width_class.CheckOS2WidthClass.test_check_os2_width_class(): OK
bakery_lint.tests.downstream.test_check_fontname_matches_macstyle.CheckFontNameEqualToMacStyleFlags.test_fontname_is_equal_to_macstyle(): FAIL
bakery_lint.tests.downstream.test_check_italic_angle_agreement.CheckItalicAngleAgreement.test_check_italic_angle_agreement(): OK
bakery_lint.tests.downstream.test_check_hmtx_hhea_max_advance_width_agreement.CheckHmtxHheaMaxAdvanceWidthAgreement.test_check_hmtx_hhea_max_advance_width_agreement(): OK
### Optimize TTF TerminalDosis-ExtraLight.ttf
$ ls -l 'TerminalDosis-ExtraLight.ttf'* # look at the size savings of that subset process
TerminalDosis-ExtraLight.ttf.opt: 121624 bytes
TerminalDosis-ExtraLight.ttf: 134280 bytes
$ mv /home/travis/build/fontdirectory/terminaldosis/builds/build/TerminalDosis-ExtraLight.ttf.opt /home/travis/build/fontdirectory/terminaldosis/builds/build/TerminalDosis-ExtraLight.ttf
### Autohint TTFs (ttfautohint) TerminalDosis-ExtraLight.ttf
$ ttfautohint -l 7 -r 28 -G 50 -x 13 -w "G" /home/travis/build/fontdirectory/terminaldosis/builds/build/TerminalDosis-ExtraLight.ttf '/home/travis/build/fontdirectory/terminaldosis/builds/build/TerminalDosis-ExtraLight.autohint.ttf'

$ ls -l /home/travis/build/fontdirectory/terminaldosis/builds/build/TerminalDosis-ExtraLight.*ttf # look at the size savings of that subset process
/home/travis/build/fontdirectory/terminaldosis/builds/build/TerminalDosis-ExtraLight.ttf: 121624 bytes
/home/travis/build/fontdirectory/terminaldosis/builds/build/TerminalDosis-ExtraLight.autohint.ttf: 94520 bytes
$ mv /home/travis/build/fontdirectory/terminaldosis/builds/build/TerminalDosis-ExtraLight.autohint.ttf /home/travis/build/fontdirectory/terminaldosis/builds/build/TerminalDosis-ExtraLight.ttf
### Subset TTFs (pyftsubset) TerminalDosis-ExtraLight.ttf
$ pyftsubset TerminalDosis-ExtraLight.latin
$ pyftsubset TerminalDosis-ExtraLight.menu
strippedname:/home/travis/build/fontdirectory/terminaldosis/builds/build/TerminalDosis-ExtraLight.ttf
### Test TerminalDosis-Light.ttf
$ fontbakery-check.py result TerminalDosis-Light.ttf
bakery_lint.tests.downstream.test_check_font_agreements.CheckFsTypeIsNotSet.test_is_fstype_not_set(): OK
$ fontbakery-fix-fstype.py --autofix /home/travis/build/fontdirectory/terminaldosis/builds/build/TerminalDosis-Light.ttf
$ mv /home/travis/build/fontdirectory/terminaldosis/builds/build/TerminalDosis-Light.ttf.fix /home/travis/build/fontdirectory/terminaldosis/builds/build/TerminalDosis-Light.ttf
bakery_lint.tests.downstream.test_check_font_agreements.CheckFontAgreements.test_em_is_1000(): OK
bakery_lint.tests.downstream.test_check_font_agreements.CheckFontAgreements.test_font_is_font(): OK
bakery_lint.tests.downstream.test_check_font_agreements.CheckFontAgreements.test_latin_file_exists(): FAIL
bakery_lint.tests.downstream.test_check_font_agreements.CheckFontAgreements.test_menu_file_exists(): FAIL
bakery_lint.tests.downstream.test_check_unencoded_glyph.TestFontUnencodedGlyph.test_font_unencoded_glyphs(): FAIL
$ fontbakery-fix-glyph-private-encoding.py --autofix /home/travis/build/fontdirectory/terminaldosis/builds/build/TerminalDosis-Light.ttf
$ mv /home/travis/build/fontdirectory/terminaldosis/builds/build/TerminalDosis-Light.ttf.fix /home/travis/build/fontdirectory/terminaldosis/builds/build/TerminalDosis-Light.ttf
bakery_lint.tests.downstream.test_check_unencoded_glyph.TestFontUnencodedGlyph.test_font_unencoded_glyphs(): FAIL
bakery_lint.tests.downstream.test_check_name_table_recommendation.CheckStyleNameRecommendation.test_check_stylename_is_under_recommendations(): FAIL
$ fontbakery-fix-opentype-names.py /home/travis/build/fontdirectory/terminaldosis/builds/build/TerminalDosis-Light.ttf
$ mv /home/travis/build/fontdirectory/terminaldosis/builds/build/TerminalDosis-Light.ttf.fix /home/travis/build/fontdirectory/terminaldosis/builds/build/TerminalDosis-Light.ttf
bakery_lint.tests.downstream.test_check_name_table_recommendation.CheckStyleNameRecommendation.test_check_stylename_is_under_recommendations(): FAIL
bakery_lint.tests.downstream.test_check_name_table_recommendation.CheckOTFamilyNameRecommendation.test_check_opentype_familyname(): OK
bakery_lint.tests.downstream.test_check_name_table_recommendation.CheckOTStyleNameRecommendation.test_check_opentype_stylename(): FAIL
$ fontbakery-fix-opentype-names.py /home/travis/build/fontdirectory/terminaldosis/builds/build/TerminalDosis-Light.ttf
$ mv /home/travis/build/fontdirectory/terminaldosis/builds/build/TerminalDosis-Light.ttf.fix /home/travis/build/fontdirectory/terminaldosis/builds/build/TerminalDosis-Light.ttf
bakery_lint.tests.downstream.test_check_name_table_recommendation.CheckOTStyleNameRecommendation.test_check_opentype_stylename(): FAIL
bakery_lint.tests.downstream.test_check_name_table_recommendation.CheckOTFullNameRecommendation.test_check_opentype_fullname(): OK
bakery_lint.tests.downstream.test_check_upm_heights_less_120.TestCheckUPMHeightsLess120.test_check_upm_heigths_less_120(): FAIL
bakery_lint.tests.downstream.test_check_vertical_metrics.CheckVerticalLinegapMetrics.test_metrics_linegaps_are_zero(): OK
bakery_lint.tests.downstream.test_check_vertical_metrics.CheckVerticalAscentMetrics.test_metrics_ascents_equal_bbox(): OK
bakery_lint.tests.downstream.test_check_vertical_metrics.CheckVerticalDescentMetrics.test_metrics_descents_equal_bbox(): OK
bakery_lint.tests.downstream.test_check_magic_prep_code.CheckMagicPREPByteCode.test_prep_magic_code(): FAIL
bakery_lint.tests.downstream.test_check_glyf_table_length.CheckGlyfTableLength.test_check_glyf_table_length(): FAIL
bakery_lint.tests.downstream.test_check_nbsp_width_matches_sp_width.CheckNbspWidthMatchesSpWidth.test_check_nbsp_width_matches_sp_width(): OK
The following table(s) in the font have been ignored by FontForge
  Ignoring 'LTSH' linear threshold table
  Ignoring 'VDMX' vertical device metrics table
  Ignoring 'hdmx' horizontal device metrics table
This font contains both a 'kern' table and a 'GPOS' table.
  The 'kern' table will only be read if there is no 'kern' feature in 'GPOS'.
bakery_lint.tests.downstream.test_fontforge_validation_state.FontForgeValidateStateTest.test_allowed_numbers_paths_in_composite_glyphs(): OK
bakery_lint.tests.downstream.test_fontforge_validation_state.FontForgeValidateStateTest.test_allowed_numbers_paths_in_glyphs(): OK
bakery_lint.tests.downstream.test_fontforge_validation_state.FontForgeValidateStateTest.test_allowed_numbers_points_in_composite_glyphs(): OK
bakery_lint.tests.downstream.test_fontforge_validation_state.FontForgeValidateStateTest.test_allowed_numbers_points_in_glyphs(): OK
bakery_lint.tests.downstream.test_fontforge_validation_state.FontForgeValidateStateTest.test_duplicate_glyphs(): OK
bakery_lint.tests.downstream.test_fontforge_validation_state.FontForgeValidateStateTest.test_duplicate_unicode_codepoints(): OK
bakery_lint.tests.downstream.test_fontforge_validation_state.FontForgeValidateStateTest.test_flipped_reference_in_glyphs(): OK
bakery_lint.tests.downstream.test_fontforge_validation_state.FontForgeValidateStateTest.test_missing_anchors(): OK
bakery_lint.tests.downstream.test_fontforge_validation_state.FontForgeValidateStateTest.test_missing_extrema_in_glyphs(): OK
bakery_lint.tests.downstream.test_fontforge_validation_state.FontForgeValidateStateTest.test_overlapped_hints(): OK
bakery_lint.tests.downstream.test_fontforge_validation_state.FontForgeValidateStateTest.test_points_are_integer_aligned(): OK
bakery_lint.tests.downstream.test_fontforge_validation_state.FontForgeValidateStateTest.test_points_are_not_too_far_apart(): OK
bakery_lint.tests.downstream.test_fontforge_validation_state.FontForgeValidateStateTest.test_postscript_hasnt_limit_hints_in_glyphs(): OK
bakery_lint.tests.downstream.test_fontforge_validation_state.FontForgeValidateStateTest.test_postscript_hasnt_limit_points_in_glyphs(): OK
bakery_lint.tests.downstream.test_fontforge_validation_state.FontForgeValidateStateTest.test_referenced_glyphs_are_present(): OK
bakery_lint.tests.downstream.test_fontforge_validation_state.FontForgeValidateStateTest.test_valid_glyph_names(): OK
bakery_lint.tests.downstream.test_fontforge_validation_state.FontForgeValidateStateTest.test_valid_length_instructions(): OK
bakery_lint.tests.downstream.test_fontforge_validation_state.FontForgeValidateStateTest.test_validation_glyph_intersect(): OK
bakery_lint.tests.downstream.test_fontforge_validation_state.FontForgeValidateStateTest.test_validation_open_contours(): OK
bakery_lint.tests.downstream.test_fontforge_validation_state.FontForgeValidateStateTest.test_wrong_direction_in_glyphs(): OK
bakery_lint.tests.downstream.test_gpos_table_has_kerning_info.CheckGposTableHasKerningInfo.test_gpos_table_has_kerning_info(): OK
bakery_lint.tests.downstream.test_check_font_tables.CheckFontHasDsigTable.test_check_font_has_dsig_table(): FAIL
$ fontbakery-fix-dsig.py /home/travis/build/fontdirectory/terminaldosis/builds/build/TerminalDosis-Light.ttf
$ mv /home/travis/build/fontdirectory/terminaldosis/builds/build/TerminalDosis-Light.ttf.fix /home/travis/build/fontdirectory/terminaldosis/builds/build/TerminalDosis-Light.ttf
bakery_lint.tests.downstream.test_check_font_tables.CheckFontHasDsigTable.test_check_font_has_dsig_table(): OK
bakery_lint.tests.downstream.test_check_font_tables.CheckFontHasNotKernTable.test_no_kern_table_exists(): OK
bakery_lint.tests.downstream.test_check_license_included.CheckLicenseIncluded.test_license_included_in_font_names(): OK
bakery_lint.tests.downstream.test_check_no_problematic_formats.CheckNoProblematicFormats.test_check_no_problematic_formats(): OK
bakery_lint.tests.downstream.test_check_full_font_name_begins_with_family_name.CheckFullFontNameBeginsWithFamilyName.test_check_full_font_name_begins_with_family_name(): OK
bakery_lint.tests.downstream.test_check_unused_glyph_data.CheckUnusedGlyphData.test_check_unused_glyph_data(): ERROR
bakery_lint.tests.downstream.test_check_panose_identification.CheckPanoseIdentification.test_check_panose_identification(): OK
bakery_lint.tests.downstream.test_check_names_same_across_platforms.CheckNamesSameAcrossPlatforms.test_check_names_same_across_platforms(): OK
bakery_lint.tests.downstream.test_check_glyph_existence.CheckGlyphExistence.test_euro(): OK
bakery_lint.tests.downstream.test_check_glyph_existence.CheckGlyphExistence.test_nbsp(): OK
bakery_lint.tests.downstream.test_check_glyph_existence.CheckGlyphExistence.test_space(): OK
bakery_lint.tests.downstream.test_gasp_table_value.CheckGaspTableType.test_check_gasp_table_type(): FAIL
$ fontbakery-fix-gasp.py --set=15 /home/travis/build/fontdirectory/terminaldosis/builds/build/TerminalDosis-Light.ttf
$ mv /home/travis/build/fontdirectory/terminaldosis/builds/build/TerminalDosis-Light.ttf.fix /home/travis/build/fontdirectory/terminaldosis/builds/build/TerminalDosis-Light.ttf
bakery_lint.tests.downstream.test_gasp_table_value.CheckGaspTableType.test_check_gasp_table_type(): OK
$ fontbakery-fix-gasp.py --set=15 /home/travis/build/fontdirectory/terminaldosis/builds/build/TerminalDosis-Light.ttf
$ mv /home/travis/build/fontdirectory/terminaldosis/builds/build/TerminalDosis-Light.ttf.fix /home/travis/build/fontdirectory/terminaldosis/builds/build/TerminalDosis-Light.ttf
bakery_lint.tests.downstream.test_names_are_ascii_only.CheckNamesAreASCIIOnly.test_check_names_are_ascii_only(): OK
bakery_lint.tests.downstream.test_check_os2_width_class.CheckOS2WidthClass.test_check_os2_width_class(): OK
bakery_lint.tests.downstream.test_check_fontname_matches_macstyle.CheckFontNameEqualToMacStyleFlags.test_fontname_is_equal_to_macstyle(): FAIL
bakery_lint.tests.downstream.test_check_italic_angle_agreement.CheckItalicAngleAgreement.test_check_italic_angle_agreement(): OK
bakery_lint.tests.downstream.test_check_hmtx_hhea_max_advance_width_agreement.CheckHmtxHheaMaxAdvanceWidthAgreement.test_check_hmtx_hhea_max_advance_width_agreement(): OK
### Optimize TTF TerminalDosis-Light.ttf
$ ls -l 'TerminalDosis-Light.ttf'* # look at the size savings of that subset process
TerminalDosis-Light.ttf.opt: 122904 bytes
TerminalDosis-Light.ttf: 135464 bytes
$ mv /home/travis/build/fontdirectory/terminaldosis/builds/build/TerminalDosis-Light.ttf.opt /home/travis/build/fontdirectory/terminaldosis/builds/build/TerminalDosis-Light.ttf
### Autohint TTFs (ttfautohint) TerminalDosis-Light.ttf
$ ttfautohint -l 7 -r 28 -G 50 -x 13 -w "G" /home/travis/build/fontdirectory/terminaldosis/builds/build/TerminalDosis-Light.ttf '/home/travis/build/fontdirectory/terminaldosis/builds/build/TerminalDosis-Light.autohint.ttf'

$ ls -l /home/travis/build/fontdirectory/terminaldosis/builds/build/TerminalDosis-Light.*ttf # look at the size savings of that subset process
/home/travis/build/fontdirectory/terminaldosis/builds/build/TerminalDosis-Light.ttf: 122904 bytes
/home/travis/build/fontdirectory/terminaldosis/builds/build/TerminalDosis-Light.autohint.ttf: 96452 bytes
$ mv /home/travis/build/fontdirectory/terminaldosis/builds/build/TerminalDosis-Light.autohint.ttf /home/travis/build/fontdirectory/terminaldosis/builds/build/TerminalDosis-Light.ttf
### Subset TTFs (pyftsubset) TerminalDosis-Light.ttf
$ pyftsubset TerminalDosis-Light.latin
$ pyftsubset TerminalDosis-Light.menu
strippedname:/home/travis/build/fontdirectory/terminaldosis/builds/build/TerminalDosis-Light.ttf
### Test TerminalDosis-Regular.ttf
$ fontbakery-check.py result TerminalDosis-Regular.ttf
bakery_lint.tests.downstream.test_check_font_agreements.CheckFsTypeIsNotSet.test_is_fstype_not_set(): OK
$ fontbakery-fix-fstype.py --autofix /home/travis/build/fontdirectory/terminaldosis/builds/build/TerminalDosis-Regular.ttf
$ mv /home/travis/build/fontdirectory/terminaldosis/builds/build/TerminalDosis-Regular.ttf.fix /home/travis/build/fontdirectory/terminaldosis/builds/build/TerminalDosis-Regular.ttf
bakery_lint.tests.downstream.test_check_font_agreements.CheckFontAgreements.test_em_is_1000(): OK
bakery_lint.tests.downstream.test_check_font_agreements.CheckFontAgreements.test_font_is_font(): OK
bakery_lint.tests.downstream.test_check_font_agreements.CheckFontAgreements.test_latin_file_exists(): FAIL
bakery_lint.tests.downstream.test_check_font_agreements.CheckFontAgreements.test_menu_file_exists(): FAIL
bakery_lint.tests.downstream.test_check_unencoded_glyph.TestFontUnencodedGlyph.test_font_unencoded_glyphs(): FAIL
$ fontbakery-fix-glyph-private-encoding.py --autofix /home/travis/build/fontdirectory/terminaldosis/builds/build/TerminalDosis-Regular.ttf
$ mv /home/travis/build/fontdirectory/terminaldosis/builds/build/TerminalDosis-Regular.ttf.fix /home/travis/build/fontdirectory/terminaldosis/builds/build/TerminalDosis-Regular.ttf
bakery_lint.tests.downstream.test_check_unencoded_glyph.TestFontUnencodedGlyph.test_font_unencoded_glyphs(): FAIL
bakery_lint.tests.downstream.test_check_name_table_recommendation.CheckStyleNameRecommendation.test_check_stylename_is_under_recommendations(): OK
bakery_lint.tests.downstream.test_check_name_table_recommendation.CheckOTFamilyNameRecommendation.test_check_opentype_familyname(): FAIL
$ fontbakery-fix-opentype-names.py /home/travis/build/fontdirectory/terminaldosis/builds/build/TerminalDosis-Regular.ttf
$ mv /home/travis/build/fontdirectory/terminaldosis/builds/build/TerminalDosis-Regular.ttf.fix /home/travis/build/fontdirectory/terminaldosis/builds/build/TerminalDosis-Regular.ttf
bakery_lint.tests.downstream.test_check_name_table_recommendation.CheckOTFamilyNameRecommendation.test_check_opentype_familyname(): OK
bakery_lint.tests.downstream.test_check_name_table_recommendation.CheckOTStyleNameRecommendation.test_check_opentype_stylename(): OK
bakery_lint.tests.downstream.test_check_name_table_recommendation.CheckOTFullNameRecommendation.test_check_opentype_fullname(): OK
bakery_lint.tests.downstream.test_check_upm_heights_less_120.TestCheckUPMHeightsLess120.test_check_upm_heigths_less_120(): FAIL
bakery_lint.tests.downstream.test_check_vertical_metrics.CheckVerticalLinegapMetrics.test_metrics_linegaps_are_zero(): OK
bakery_lint.tests.downstream.test_check_vertical_metrics.CheckVerticalAscentMetrics.test_metrics_ascents_equal_bbox(): OK
bakery_lint.tests.downstream.test_check_vertical_metrics.CheckVerticalDescentMetrics.test_metrics_descents_equal_bbox(): OK
bakery_lint.tests.downstream.test_check_magic_prep_code.CheckMagicPREPByteCode.test_prep_magic_code(): FAIL
bakery_lint.tests.downstream.test_check_glyf_table_length.CheckGlyfTableLength.test_check_glyf_table_length(): FAIL
bakery_lint.tests.downstream.test_check_nbsp_width_matches_sp_width.CheckNbspWidthMatchesSpWidth.test_check_nbsp_width_matches_sp_width(): OK
The following table(s) in the font have been ignored by FontForge
  Ignoring 'LTSH' linear threshold table
  Ignoring 'VDMX' vertical device metrics table
  Ignoring 'hdmx' horizontal device metrics table
This font contains both a 'kern' table and a 'GPOS' table.
  The 'kern' table will only be read if there is no 'kern' feature in 'GPOS'.
bakery_lint.tests.downstream.test_fontforge_validation_state.FontForgeValidateStateTest.test_allowed_numbers_paths_in_composite_glyphs(): OK
bakery_lint.tests.downstream.test_fontforge_validation_state.FontForgeValidateStateTest.test_allowed_numbers_paths_in_glyphs(): OK
bakery_lint.tests.downstream.test_fontforge_validation_state.FontForgeValidateStateTest.test_allowed_numbers_points_in_composite_glyphs(): OK
bakery_lint.tests.downstream.test_fontforge_validation_state.FontForgeValidateStateTest.test_allowed_numbers_points_in_glyphs(): OK
bakery_lint.tests.downstream.test_fontforge_validation_state.FontForgeValidateStateTest.test_duplicate_glyphs(): OK
bakery_lint.tests.downstream.test_fontforge_validation_state.FontForgeValidateStateTest.test_duplicate_unicode_codepoints(): OK
bakery_lint.tests.downstream.test_fontforge_validation_state.FontForgeValidateStateTest.test_flipped_reference_in_glyphs(): OK
bakery_lint.tests.downstream.test_fontforge_validation_state.FontForgeValidateStateTest.test_missing_anchors(): OK
bakery_lint.tests.downstream.test_fontforge_validation_state.FontForgeValidateStateTest.test_missing_extrema_in_glyphs(): OK
bakery_lint.tests.downstream.test_fontforge_validation_state.FontForgeValidateStateTest.test_overlapped_hints(): OK
bakery_lint.tests.downstream.test_fontforge_validation_state.FontForgeValidateStateTest.test_points_are_integer_aligned(): OK
bakery_lint.tests.downstream.test_fontforge_validation_state.FontForgeValidateStateTest.test_points_are_not_too_far_apart(): OK
bakery_lint.tests.downstream.test_fontforge_validation_state.FontForgeValidateStateTest.test_postscript_hasnt_limit_hints_in_glyphs(): OK
bakery_lint.tests.downstream.test_fontforge_validation_state.FontForgeValidateStateTest.test_postscript_hasnt_limit_points_in_glyphs(): OK
bakery_lint.tests.downstream.test_fontforge_validation_state.FontForgeValidateStateTest.test_referenced_glyphs_are_present(): OK
bakery_lint.tests.downstream.test_fontforge_validation_state.FontForgeValidateStateTest.test_valid_glyph_names(): OK
bakery_lint.tests.downstream.test_fontforge_validation_state.FontForgeValidateStateTest.test_valid_length_instructions(): OK
bakery_lint.tests.downstream.test_fontforge_validation_state.FontForgeValidateStateTest.test_validation_glyph_intersect(): OK
bakery_lint.tests.downstream.test_fontforge_validation_state.FontForgeValidateStateTest.test_validation_open_contours(): OK
bakery_lint.tests.downstream.test_fontforge_validation_state.FontForgeValidateStateTest.test_wrong_direction_in_glyphs(): OK
bakery_lint.tests.downstream.test_gpos_table_has_kerning_info.CheckGposTableHasKerningInfo.test_gpos_table_has_kerning_info(): OK
bakery_lint.tests.downstream.test_check_font_tables.CheckFontHasDsigTable.test_check_font_has_dsig_table(): FAIL
$ fontbakery-fix-dsig.py /home/travis/build/fontdirectory/terminaldosis/builds/build/TerminalDosis-Regular.ttf
$ mv /home/travis/build/fontdirectory/terminaldosis/builds/build/TerminalDosis-Regular.ttf.fix /home/travis/build/fontdirectory/terminaldosis/builds/build/TerminalDosis-Regular.ttf
bakery_lint.tests.downstream.test_check_font_tables.CheckFontHasDsigTable.test_check_font_has_dsig_table(): OK
bakery_lint.tests.downstream.test_check_font_tables.CheckFontHasNotKernTable.test_no_kern_table_exists(): OK
bakery_lint.tests.downstream.test_check_license_included.CheckLicenseIncluded.test_license_included_in_font_names(): OK
bakery_lint.tests.downstream.test_check_no_problematic_formats.CheckNoProblematicFormats.test_check_no_problematic_formats(): OK
bakery_lint.tests.downstream.test_check_full_font_name_begins_with_family_name.CheckFullFontNameBeginsWithFamilyName.test_check_full_font_name_begins_with_family_name(): OK
bakery_lint.tests.downstream.test_check_unused_glyph_data.CheckUnusedGlyphData.test_check_unused_glyph_data(): ERROR
bakery_lint.tests.downstream.test_check_panose_identification.CheckPanoseIdentification.test_check_panose_identification(): OK
bakery_lint.tests.downstream.test_check_names_same_across_platforms.CheckNamesSameAcrossPlatforms.test_check_names_same_across_platforms(): OK
bakery_lint.tests.downstream.test_check_glyph_existence.CheckGlyphExistence.test_euro(): OK
bakery_lint.tests.downstream.test_check_glyph_existence.CheckGlyphExistence.test_nbsp(): OK
bakery_lint.tests.downstream.test_check_glyph_existence.CheckGlyphExistence.test_space(): OK
bakery_lint.tests.downstream.test_gasp_table_value.CheckGaspTableType.test_check_gasp_table_type(): FAIL
$ fontbakery-fix-gasp.py --set=15 /home/travis/build/fontdirectory/terminaldosis/builds/build/TerminalDosis-Regular.ttf
$ mv /home/travis/build/fontdirectory/terminaldosis/builds/build/TerminalDosis-Regular.ttf.fix /home/travis/build/fontdirectory/terminaldosis/builds/build/TerminalDosis-Regular.ttf
bakery_lint.tests.downstream.test_gasp_table_value.CheckGaspTableType.test_check_gasp_table_type(): OK
$ fontbakery-fix-gasp.py --set=15 /home/travis/build/fontdirectory/terminaldosis/builds/build/TerminalDosis-Regular.ttf
$ mv /home/travis/build/fontdirectory/terminaldosis/builds/build/TerminalDosis-Regular.ttf.fix /home/travis/build/fontdirectory/terminaldosis/builds/build/TerminalDosis-Regular.ttf
bakery_lint.tests.downstream.test_names_are_ascii_only.CheckNamesAreASCIIOnly.test_check_names_are_ascii_only(): OK
bakery_lint.tests.downstream.test_check_os2_width_class.CheckOS2WidthClass.test_check_os2_width_class(): OK
bakery_lint.tests.downstream.test_check_fontname_matches_macstyle.CheckFontNameEqualToMacStyleFlags.test_fontname_is_equal_to_macstyle(): FAIL
bakery_lint.tests.downstream.test_check_italic_angle_agreement.CheckItalicAngleAgreement.test_check_italic_angle_agreement(): OK
bakery_lint.tests.downstream.test_check_hmtx_hhea_max_advance_width_agreement.CheckHmtxHheaMaxAdvanceWidthAgreement.test_check_hmtx_hhea_max_advance_width_agreement(): OK
### Optimize TTF TerminalDosis-Regular.ttf
$ ls -l 'TerminalDosis-Regular.ttf'* # look at the size savings of that subset process
TerminalDosis-Regular.ttf.opt: 123488 bytes
TerminalDosis-Regular.ttf: 136036 bytes
$ mv /home/travis/build/fontdirectory/terminaldosis/builds/build/TerminalDosis-Regular.ttf.opt /home/travis/build/fontdirectory/terminaldosis/builds/build/TerminalDosis-Regular.ttf
### Autohint TTFs (ttfautohint) TerminalDosis-Regular.ttf
$ ttfautohint -l 7 -r 28 -G 50 -x 13 -w "G" /home/travis/build/fontdirectory/terminaldosis/builds/build/TerminalDosis-Regular.ttf '/home/travis/build/fontdirectory/terminaldosis/builds/build/TerminalDosis-Regular.autohint.ttf'

$ ls -l /home/travis/build/fontdirectory/terminaldosis/builds/build/TerminalDosis-Regular.*ttf # look at the size savings of that subset process
/home/travis/build/fontdirectory/terminaldosis/builds/build/TerminalDosis-Regular.ttf: 123488 bytes
/home/travis/build/fontdirectory/terminaldosis/builds/build/TerminalDosis-Regular.autohint.ttf: 98392 bytes
$ mv /home/travis/build/fontdirectory/terminaldosis/builds/build/TerminalDosis-Regular.autohint.ttf /home/travis/build/fontdirectory/terminaldosis/builds/build/TerminalDosis-Regular.ttf
### Subset TTFs (pyftsubset) TerminalDosis-Regular.ttf
$ pyftsubset TerminalDosis-Regular.latin
$ pyftsubset TerminalDosis-Regular.menu
strippedname:/home/travis/build/fontdirectory/terminaldosis/builds/build/TerminalDosis-Regular.ttf
### Test TerminalDosis-SemiBold.ttf
$ fontbakery-check.py result TerminalDosis-SemiBold.ttf
bakery_lint.tests.downstream.test_check_font_agreements.CheckFsTypeIsNotSet.test_is_fstype_not_set(): OK
$ fontbakery-fix-fstype.py --autofix /home/travis/build/fontdirectory/terminaldosis/builds/build/TerminalDosis-SemiBold.ttf
$ mv /home/travis/build/fontdirectory/terminaldosis/builds/build/TerminalDosis-SemiBold.ttf.fix /home/travis/build/fontdirectory/terminaldosis/builds/build/TerminalDosis-SemiBold.ttf
bakery_lint.tests.downstream.test_check_font_agreements.CheckFontAgreements.test_em_is_1000(): OK
bakery_lint.tests.downstream.test_check_font_agreements.CheckFontAgreements.test_font_is_font(): OK
bakery_lint.tests.downstream.test_check_font_agreements.CheckFontAgreements.test_latin_file_exists(): FAIL
bakery_lint.tests.downstream.test_check_font_agreements.CheckFontAgreements.test_menu_file_exists(): FAIL
bakery_lint.tests.downstream.test_check_unencoded_glyph.TestFontUnencodedGlyph.test_font_unencoded_glyphs(): FAIL
$ fontbakery-fix-glyph-private-encoding.py --autofix /home/travis/build/fontdirectory/terminaldosis/builds/build/TerminalDosis-SemiBold.ttf
$ mv /home/travis/build/fontdirectory/terminaldosis/builds/build/TerminalDosis-SemiBold.ttf.fix /home/travis/build/fontdirectory/terminaldosis/builds/build/TerminalDosis-SemiBold.ttf
bakery_lint.tests.downstream.test_check_unencoded_glyph.TestFontUnencodedGlyph.test_font_unencoded_glyphs(): FAIL
bakery_lint.tests.downstream.test_check_name_table_recommendation.CheckStyleNameRecommendation.test_check_stylename_is_under_recommendations(): FAIL
$ fontbakery-fix-opentype-names.py /home/travis/build/fontdirectory/terminaldosis/builds/build/TerminalDosis-SemiBold.ttf
$ mv /home/travis/build/fontdirectory/terminaldosis/builds/build/TerminalDosis-SemiBold.ttf.fix /home/travis/build/fontdirectory/terminaldosis/builds/build/TerminalDosis-SemiBold.ttf
bakery_lint.tests.downstream.test_check_name_table_recommendation.CheckStyleNameRecommendation.test_check_stylename_is_under_recommendations(): FAIL
bakery_lint.tests.downstream.test_check_name_table_recommendation.CheckOTFamilyNameRecommendation.test_check_opentype_familyname(): OK
bakery_lint.tests.downstream.test_check_name_table_recommendation.CheckOTStyleNameRecommendation.test_check_opentype_stylename(): FAIL
$ fontbakery-fix-opentype-names.py /home/travis/build/fontdirectory/terminaldosis/builds/build/TerminalDosis-SemiBold.ttf
$ mv /home/travis/build/fontdirectory/terminaldosis/builds/build/TerminalDosis-SemiBold.ttf.fix /home/travis/build/fontdirectory/terminaldosis/builds/build/TerminalDosis-SemiBold.ttf
bakery_lint.tests.downstream.test_check_name_table_recommendation.CheckOTStyleNameRecommendation.test_check_opentype_stylename(): FAIL
bakery_lint.tests.downstream.test_check_name_table_recommendation.CheckOTFullNameRecommendation.test_check_opentype_fullname(): OK
bakery_lint.tests.downstream.test_check_upm_heights_less_120.TestCheckUPMHeightsLess120.test_check_upm_heigths_less_120(): FAIL
bakery_lint.tests.downstream.test_check_vertical_metrics.CheckVerticalLinegapMetrics.test_metrics_linegaps_are_zero(): OK
bakery_lint.tests.downstream.test_check_vertical_metrics.CheckVerticalAscentMetrics.test_metrics_ascents_equal_bbox(): OK
bakery_lint.tests.downstream.test_check_vertical_metrics.CheckVerticalDescentMetrics.test_metrics_descents_equal_bbox(): OK
bakery_lint.tests.downstream.test_check_magic_prep_code.CheckMagicPREPByteCode.test_prep_magic_code(): FAIL
bakery_lint.tests.downstream.test_check_glyf_table_length.CheckGlyfTableLength.test_check_glyf_table_length(): FAIL
bakery_lint.tests.downstream.test_check_nbsp_width_matches_sp_width.CheckNbspWidthMatchesSpWidth.test_check_nbsp_width_matches_sp_width(): OK
The following table(s) in the font have been ignored by FontForge
  Ignoring 'LTSH' linear threshold table
  Ignoring 'VDMX' vertical device metrics table
  Ignoring 'hdmx' horizontal device metrics table
This font contains both a 'kern' table and a 'GPOS' table.
  The 'kern' table will only be read if there is no 'kern' feature in 'GPOS'.
bakery_lint.tests.downstream.test_fontforge_validation_state.FontForgeValidateStateTest.test_allowed_numbers_paths_in_composite_glyphs(): OK
bakery_lint.tests.downstream.test_fontforge_validation_state.FontForgeValidateStateTest.test_allowed_numbers_paths_in_glyphs(): OK
bakery_lint.tests.downstream.test_fontforge_validation_state.FontForgeValidateStateTest.test_allowed_numbers_points_in_composite_glyphs(): OK
bakery_lint.tests.downstream.test_fontforge_validation_state.FontForgeValidateStateTest.test_allowed_numbers_points_in_glyphs(): OK
bakery_lint.tests.downstream.test_fontforge_validation_state.FontForgeValidateStateTest.test_duplicate_glyphs(): OK
bakery_lint.tests.downstream.test_fontforge_validation_state.FontForgeValidateStateTest.test_duplicate_unicode_codepoints(): OK
bakery_lint.tests.downstream.test_fontforge_validation_state.FontForgeValidateStateTest.test_flipped_reference_in_glyphs(): OK
bakery_lint.tests.downstream.test_fontforge_validation_state.FontForgeValidateStateTest.test_missing_anchors(): OK
bakery_lint.tests.downstream.test_fontforge_validation_state.FontForgeValidateStateTest.test_missing_extrema_in_glyphs(): OK
bakery_lint.tests.downstream.test_fontforge_validation_state.FontForgeValidateStateTest.test_overlapped_hints(): OK
bakery_lint.tests.downstream.test_fontforge_validation_state.FontForgeValidateStateTest.test_points_are_integer_aligned(): OK
bakery_lint.tests.downstream.test_fontforge_validation_state.FontForgeValidateStateTest.test_points_are_not_too_far_apart(): OK
bakery_lint.tests.downstream.test_fontforge_validation_state.FontForgeValidateStateTest.test_postscript_hasnt_limit_hints_in_glyphs(): OK
bakery_lint.tests.downstream.test_fontforge_validation_state.FontForgeValidateStateTest.test_postscript_hasnt_limit_points_in_glyphs(): OK
bakery_lint.tests.downstream.test_fontforge_validation_state.FontForgeValidateStateTest.test_referenced_glyphs_are_present(): OK
bakery_lint.tests.downstream.test_fontforge_validation_state.FontForgeValidateStateTest.test_valid_glyph_names(): OK
bakery_lint.tests.downstream.test_fontforge_validation_state.FontForgeValidateStateTest.test_valid_length_instructions(): OK
bakery_lint.tests.downstream.test_fontforge_validation_state.FontForgeValidateStateTest.test_validation_glyph_intersect(): OK
bakery_lint.tests.downstream.test_fontforge_validation_state.FontForgeValidateStateTest.test_validation_open_contours(): OK
bakery_lint.tests.downstream.test_fontforge_validation_state.FontForgeValidateStateTest.test_wrong_direction_in_glyphs(): OK
bakery_lint.tests.downstream.test_gpos_table_has_kerning_info.CheckGposTableHasKerningInfo.test_gpos_table_has_kerning_info(): OK
bakery_lint.tests.downstream.test_check_font_tables.CheckFontHasDsigTable.test_check_font_has_dsig_table(): FAIL
$ fontbakery-fix-dsig.py /home/travis/build/fontdirectory/terminaldosis/builds/build/TerminalDosis-SemiBold.ttf
$ mv /home/travis/build/fontdirectory/terminaldosis/builds/build/TerminalDosis-SemiBold.ttf.fix /home/travis/build/fontdirectory/terminaldosis/builds/build/TerminalDosis-SemiBold.ttf
bakery_lint.tests.downstream.test_check_font_tables.CheckFontHasDsigTable.test_check_font_has_dsig_table(): OK
bakery_lint.tests.downstream.test_check_font_tables.CheckFontHasNotKernTable.test_no_kern_table_exists(): OK
bakery_lint.tests.downstream.test_check_license_included.CheckLicenseIncluded.test_license_included_in_font_names(): OK
bakery_lint.tests.downstream.test_check_no_problematic_formats.CheckNoProblematicFormats.test_check_no_problematic_formats(): OK
bakery_lint.tests.downstream.test_check_full_font_name_begins_with_family_name.CheckFullFontNameBeginsWithFamilyName.test_check_full_font_name_begins_with_family_name(): OK
bakery_lint.tests.downstream.test_check_unused_glyph_data.CheckUnusedGlyphData.test_check_unused_glyph_data(): ERROR
bakery_lint.tests.downstream.test_check_panose_identification.CheckPanoseIdentification.test_check_panose_identification(): OK
bakery_lint.tests.downstream.test_check_names_same_across_platforms.CheckNamesSameAcrossPlatforms.test_check_names_same_across_platforms(): OK
bakery_lint.tests.downstream.test_check_glyph_existence.CheckGlyphExistence.test_euro(): OK
bakery_lint.tests.downstream.test_check_glyph_existence.CheckGlyphExistence.test_nbsp(): OK
bakery_lint.tests.downstream.test_check_glyph_existence.CheckGlyphExistence.test_space(): OK
bakery_lint.tests.downstream.test_gasp_table_value.CheckGaspTableType.test_check_gasp_table_type(): FAIL
$ fontbakery-fix-gasp.py --set=15 /home/travis/build/fontdirectory/terminaldosis/builds/build/TerminalDosis-SemiBold.ttf
$ mv /home/travis/build/fontdirectory/terminaldosis/builds/build/TerminalDosis-SemiBold.ttf.fix /home/travis/build/fontdirectory/terminaldosis/builds/build/TerminalDosis-SemiBold.ttf
bakery_lint.tests.downstream.test_gasp_table_value.CheckGaspTableType.test_check_gasp_table_type(): OK
$ fontbakery-fix-gasp.py --set=15 /home/travis/build/fontdirectory/terminaldosis/builds/build/TerminalDosis-SemiBold.ttf
$ mv /home/travis/build/fontdirectory/terminaldosis/builds/build/TerminalDosis-SemiBold.ttf.fix /home/travis/build/fontdirectory/terminaldosis/builds/build/TerminalDosis-SemiBold.ttf
bakery_lint.tests.downstream.test_names_are_ascii_only.CheckNamesAreASCIIOnly.test_check_names_are_ascii_only(): OK
bakery_lint.tests.downstream.test_check_os2_width_class.CheckOS2WidthClass.test_check_os2_width_class(): OK
bakery_lint.tests.downstream.test_check_fontname_matches_macstyle.CheckFontNameEqualToMacStyleFlags.test_fontname_is_equal_to_macstyle(): FAIL
bakery_lint.tests.downstream.test_check_italic_angle_agreement.CheckItalicAngleAgreement.test_check_italic_angle_agreement(): OK
bakery_lint.tests.downstream.test_check_hmtx_hhea_max_advance_width_agreement.CheckHmtxHheaMaxAdvanceWidthAgreement.test_check_hmtx_hhea_max_advance_width_agreement(): OK
### Optimize TTF TerminalDosis-SemiBold.ttf
$ ls -l 'TerminalDosis-SemiBold.ttf'* # look at the size savings of that subset process
TerminalDosis-SemiBold.ttf.opt: 122372 bytes
TerminalDosis-SemiBold.ttf: 134632 bytes
$ mv /home/travis/build/fontdirectory/terminaldosis/builds/build/TerminalDosis-SemiBold.ttf.opt /home/travis/build/fontdirectory/terminaldosis/builds/build/TerminalDosis-SemiBold.ttf
### Autohint TTFs (ttfautohint) TerminalDosis-SemiBold.ttf
$ ttfautohint -l 7 -r 28 -G 50 -x 13 -w "G" /home/travis/build/fontdirectory/terminaldosis/builds/build/TerminalDosis-SemiBold.ttf '/home/travis/build/fontdirectory/terminaldosis/builds/build/TerminalDosis-SemiBold.autohint.ttf'

$ ls -l /home/travis/build/fontdirectory/terminaldosis/builds/build/TerminalDosis-SemiBold.*ttf # look at the size savings of that subset process
/home/travis/build/fontdirectory/terminaldosis/builds/build/TerminalDosis-SemiBold.ttf: 122372 bytes
/home/travis/build/fontdirectory/terminaldosis/builds/build/TerminalDosis-SemiBold.autohint.ttf: 98924 bytes
$ mv /home/travis/build/fontdirectory/terminaldosis/builds/build/TerminalDosis-SemiBold.autohint.ttf /home/travis/build/fontdirectory/terminaldosis/builds/build/TerminalDosis-SemiBold.ttf
### Subset TTFs (pyftsubset) TerminalDosis-SemiBold.ttf
$ pyftsubset TerminalDosis-SemiBold.latin
$ pyftsubset TerminalDosis-SemiBold.menu
strippedname:/home/travis/build/fontdirectory/terminaldosis/builds/build/TerminalDosis-SemiBold.ttf
### Test TerminalDosis-ExtraBold.ttf
$ fontbakery-check.py result TerminalDosis-ExtraBold.ttf
bakery_lint.tests.downstream.test_check_font_agreements.CheckFsTypeIsNotSet.test_is_fstype_not_set(): OK
$ fontbakery-fix-fstype.py --autofix /home/travis/build/fontdirectory/terminaldosis/builds/build/TerminalDosis-ExtraBold.ttf
$ mv /home/travis/build/fontdirectory/terminaldosis/builds/build/TerminalDosis-ExtraBold.ttf.fix /home/travis/build/fontdirectory/terminaldosis/builds/build/TerminalDosis-ExtraBold.ttf
bakery_lint.tests.downstream.test_check_font_agreements.CheckFontAgreements.test_em_is_1000(): OK
bakery_lint.tests.downstream.test_check_font_agreements.CheckFontAgreements.test_font_is_font(): OK
bakery_lint.tests.downstream.test_check_font_agreements.CheckFontAgreements.test_latin_file_exists(): FAIL
bakery_lint.tests.downstream.test_check_font_agreements.CheckFontAgreements.test_menu_file_exists(): FAIL
bakery_lint.tests.downstream.test_check_unencoded_glyph.TestFontUnencodedGlyph.test_font_unencoded_glyphs(): FAIL
$ fontbakery-fix-glyph-private-encoding.py --autofix /home/travis/build/fontdirectory/terminaldosis/builds/build/TerminalDosis-ExtraBold.ttf
$ mv /home/travis/build/fontdirectory/terminaldosis/builds/build/TerminalDosis-ExtraBold.ttf.fix /home/travis/build/fontdirectory/terminaldosis/builds/build/TerminalDosis-ExtraBold.ttf
bakery_lint.tests.downstream.test_check_unencoded_glyph.TestFontUnencodedGlyph.test_font_unencoded_glyphs(): FAIL
bakery_lint.tests.downstream.test_check_name_table_recommendation.CheckStyleNameRecommendation.test_check_stylename_is_under_recommendations(): FAIL
$ fontbakery-fix-opentype-names.py /home/travis/build/fontdirectory/terminaldosis/builds/build/TerminalDosis-ExtraBold.ttf
$ mv /home/travis/build/fontdirectory/terminaldosis/builds/build/TerminalDosis-ExtraBold.ttf.fix /home/travis/build/fontdirectory/terminaldosis/builds/build/TerminalDosis-ExtraBold.ttf
bakery_lint.tests.downstream.test_check_name_table_recommendation.CheckStyleNameRecommendation.test_check_stylename_is_under_recommendations(): FAIL
bakery_lint.tests.downstream.test_check_name_table_recommendation.CheckOTFamilyNameRecommendation.test_check_opentype_familyname(): OK
bakery_lint.tests.downstream.test_check_name_table_recommendation.CheckOTStyleNameRecommendation.test_check_opentype_stylename(): FAIL
$ fontbakery-fix-opentype-names.py /home/travis/build/fontdirectory/terminaldosis/builds/build/TerminalDosis-ExtraBold.ttf
$ mv /home/travis/build/fontdirectory/terminaldosis/builds/build/TerminalDosis-ExtraBold.ttf.fix /home/travis/build/fontdirectory/terminaldosis/builds/build/TerminalDosis-ExtraBold.ttf
bakery_lint.tests.downstream.test_check_name_table_recommendation.CheckOTStyleNameRecommendation.test_check_opentype_stylename(): FAIL
bakery_lint.tests.downstream.test_check_name_table_recommendation.CheckOTFullNameRecommendation.test_check_opentype_fullname(): OK
bakery_lint.tests.downstream.test_check_upm_heights_less_120.TestCheckUPMHeightsLess120.test_check_upm_heigths_less_120(): FAIL
bakery_lint.tests.downstream.test_check_vertical_metrics.CheckVerticalLinegapMetrics.test_metrics_linegaps_are_zero(): OK
bakery_lint.tests.downstream.test_check_vertical_metrics.CheckVerticalAscentMetrics.test_metrics_ascents_equal_bbox(): OK
bakery_lint.tests.downstream.test_check_vertical_metrics.CheckVerticalDescentMetrics.test_metrics_descents_equal_bbox(): OK
bakery_lint.tests.downstream.test_check_magic_prep_code.CheckMagicPREPByteCode.test_prep_magic_code(): FAIL
bakery_lint.tests.downstream.test_check_glyf_table_length.CheckGlyfTableLength.test_check_glyf_table_length(): FAIL
bakery_lint.tests.downstream.test_check_nbsp_width_matches_sp_width.CheckNbspWidthMatchesSpWidth.test_check_nbsp_width_matches_sp_width(): OK
The following table(s) in the font have been ignored by FontForge
  Ignoring 'LTSH' linear threshold table
  Ignoring 'VDMX' vertical device metrics table
  Ignoring 'hdmx' horizontal device metrics table
This font contains both a 'kern' table and a 'GPOS' table.
  The 'kern' table will only be read if there is no 'kern' feature in 'GPOS'.
bakery_lint.tests.downstream.test_fontforge_validation_state.FontForgeValidateStateTest.test_allowed_numbers_paths_in_composite_glyphs(): OK
bakery_lint.tests.downstream.test_fontforge_validation_state.FontForgeValidateStateTest.test_allowed_numbers_paths_in_glyphs(): OK
bakery_lint.tests.downstream.test_fontforge_validation_state.FontForgeValidateStateTest.test_allowed_numbers_points_in_composite_glyphs(): OK
bakery_lint.tests.downstream.test_fontforge_validation_state.FontForgeValidateStateTest.test_allowed_numbers_points_in_glyphs(): OK
bakery_lint.tests.downstream.test_fontforge_validation_state.FontForgeValidateStateTest.test_duplicate_glyphs(): OK
bakery_lint.tests.downstream.test_fontforge_validation_state.FontForgeValidateStateTest.test_duplicate_unicode_codepoints(): OK
bakery_lint.tests.downstream.test_fontforge_validation_state.FontForgeValidateStateTest.test_flipped_reference_in_glyphs(): OK
bakery_lint.tests.downstream.test_fontforge_validation_state.FontForgeValidateStateTest.test_missing_anchors(): OK
bakery_lint.tests.downstream.test_fontforge_validation_state.FontForgeValidateStateTest.test_missing_extrema_in_glyphs(): OK
bakery_lint.tests.downstream.test_fontforge_validation_state.FontForgeValidateStateTest.test_overlapped_hints(): OK
bakery_lint.tests.downstream.test_fontforge_validation_state.FontForgeValidateStateTest.test_points_are_integer_aligned(): OK
bakery_lint.tests.downstream.test_fontforge_validation_state.FontForgeValidateStateTest.test_points_are_not_too_far_apart(): OK
bakery_lint.tests.downstream.test_fontforge_validation_state.FontForgeValidateStateTest.test_postscript_hasnt_limit_hints_in_glyphs(): OK
bakery_lint.tests.downstream.test_fontforge_validation_state.FontForgeValidateStateTest.test_postscript_hasnt_limit_points_in_glyphs(): OK
bakery_lint.tests.downstream.test_fontforge_validation_state.FontForgeValidateStateTest.test_referenced_glyphs_are_present(): OK
bakery_lint.tests.downstream.test_fontforge_validation_state.FontForgeValidateStateTest.test_valid_glyph_names(): OK
bakery_lint.tests.downstream.test_fontforge_validation_state.FontForgeValidateStateTest.test_valid_length_instructions(): OK
bakery_lint.tests.downstream.test_fontforge_validation_state.FontForgeValidateStateTest.test_validation_glyph_intersect(): OK
bakery_lint.tests.downstream.test_fontforge_validation_state.FontForgeValidateStateTest.test_validation_open_contours(): OK
bakery_lint.tests.downstream.test_fontforge_validation_state.FontForgeValidateStateTest.test_wrong_direction_in_glyphs(): OK
bakery_lint.tests.downstream.test_gpos_table_has_kerning_info.CheckGposTableHasKerningInfo.test_gpos_table_has_kerning_info(): OK
bakery_lint.tests.downstream.test_check_font_tables.CheckFontHasDsigTable.test_check_font_has_dsig_table(): FAIL
$ fontbakery-fix-dsig.py /home/travis/build/fontdirectory/terminaldosis/builds/build/TerminalDosis-ExtraBold.ttf
$ mv /home/travis/build/fontdirectory/terminaldosis/builds/build/TerminalDosis-ExtraBold.ttf.fix /home/travis/build/fontdirectory/terminaldosis/builds/build/TerminalDosis-ExtraBold.ttf
bakery_lint.tests.downstream.test_check_font_tables.CheckFontHasDsigTable.test_check_font_has_dsig_table(): OK
bakery_lint.tests.downstream.test_check_font_tables.CheckFontHasNotKernTable.test_no_kern_table_exists(): OK
bakery_lint.tests.downstream.test_check_license_included.CheckLicenseIncluded.test_license_included_in_font_names(): OK
bakery_lint.tests.downstream.test_check_no_problematic_formats.CheckNoProblematicFormats.test_check_no_problematic_formats(): OK
bakery_lint.tests.downstream.test_check_full_font_name_begins_with_family_name.CheckFullFontNameBeginsWithFamilyName.test_check_full_font_name_begins_with_family_name(): OK
bakery_lint.tests.downstream.test_check_unused_glyph_data.CheckUnusedGlyphData.test_check_unused_glyph_data(): ERROR
bakery_lint.tests.downstream.test_check_panose_identification.CheckPanoseIdentification.test_check_panose_identification(): OK
bakery_lint.tests.downstream.test_check_names_same_across_platforms.CheckNamesSameAcrossPlatforms.test_check_names_same_across_platforms(): OK
bakery_lint.tests.downstream.test_check_glyph_existence.CheckGlyphExistence.test_euro(): OK
bakery_lint.tests.downstream.test_check_glyph_existence.CheckGlyphExistence.test_nbsp(): OK
bakery_lint.tests.downstream.test_check_glyph_existence.CheckGlyphExistence.test_space(): OK
bakery_lint.tests.downstream.test_gasp_table_value.CheckGaspTableType.test_check_gasp_table_type(): FAIL
$ fontbakery-fix-gasp.py --set=15 /home/travis/build/fontdirectory/terminaldosis/builds/build/TerminalDosis-ExtraBold.ttf
$ mv /home/travis/build/fontdirectory/terminaldosis/builds/build/TerminalDosis-ExtraBold.ttf.fix /home/travis/build/fontdirectory/terminaldosis/builds/build/TerminalDosis-ExtraBold.ttf
bakery_lint.tests.downstream.test_gasp_table_value.CheckGaspTableType.test_check_gasp_table_type(): OK
$ fontbakery-fix-gasp.py --set=15 /home/travis/build/fontdirectory/terminaldosis/builds/build/TerminalDosis-ExtraBold.ttf
$ mv /home/travis/build/fontdirectory/terminaldosis/builds/build/TerminalDosis-ExtraBold.ttf.fix /home/travis/build/fontdirectory/terminaldosis/builds/build/TerminalDosis-ExtraBold.ttf
bakery_lint.tests.downstream.test_names_are_ascii_only.CheckNamesAreASCIIOnly.test_check_names_are_ascii_only(): OK
bakery_lint.tests.downstream.test_check_os2_width_class.CheckOS2WidthClass.test_check_os2_width_class(): OK
bakery_lint.tests.downstream.test_check_fontname_matches_macstyle.CheckFontNameEqualToMacStyleFlags.test_fontname_is_equal_to_macstyle(): FAIL
bakery_lint.tests.downstream.test_check_italic_angle_agreement.CheckItalicAngleAgreement.test_check_italic_angle_agreement(): OK
bakery_lint.tests.downstream.test_check_hmtx_hhea_max_advance_width_agreement.CheckHmtxHheaMaxAdvanceWidthAgreement.test_check_hmtx_hhea_max_advance_width_agreement(): OK
### Optimize TTF TerminalDosis-ExtraBold.ttf
$ ls -l 'TerminalDosis-ExtraBold.ttf'* # look at the size savings of that subset process
TerminalDosis-ExtraBold.ttf.opt: 123332 bytes
TerminalDosis-ExtraBold.ttf: 136056 bytes
$ mv /home/travis/build/fontdirectory/terminaldosis/builds/build/TerminalDosis-ExtraBold.ttf.opt /home/travis/build/fontdirectory/terminaldosis/builds/build/TerminalDosis-ExtraBold.ttf
### Autohint TTFs (ttfautohint) TerminalDosis-ExtraBold.ttf
$ ttfautohint -l 7 -r 28 -G 50 -x 13 -w "G" /home/travis/build/fontdirectory/terminaldosis/builds/build/TerminalDosis-ExtraBold.ttf '/home/travis/build/fontdirectory/terminaldosis/builds/build/TerminalDosis-ExtraBold.autohint.ttf'

$ ls -l /home/travis/build/fontdirectory/terminaldosis/builds/build/TerminalDosis-ExtraBold.*ttf # look at the size savings of that subset process
/home/travis/build/fontdirectory/terminaldosis/builds/build/TerminalDosis-ExtraBold.ttf: 123332 bytes
/home/travis/build/fontdirectory/terminaldosis/builds/build/TerminalDosis-ExtraBold.autohint.ttf: 103344 bytes
$ mv /home/travis/build/fontdirectory/terminaldosis/builds/build/TerminalDosis-ExtraBold.autohint.ttf /home/travis/build/fontdirectory/terminaldosis/builds/build/TerminalDosis-ExtraBold.ttf
### Subset TTFs (pyftsubset) TerminalDosis-ExtraBold.ttf
$ pyftsubset TerminalDosis-ExtraBold.latin
$ pyftsubset TerminalDosis-ExtraBold.menu
strippedname:/home/travis/build/fontdirectory/terminaldosis/builds/build/TerminalDosis-ExtraBold.ttf
### Test TerminalDosis-Medium.ttf
$ fontbakery-check.py result TerminalDosis-Medium.ttf
bakery_lint.tests.downstream.test_check_font_agreements.CheckFsTypeIsNotSet.test_is_fstype_not_set(): OK
$ fontbakery-fix-fstype.py --autofix /home/travis/build/fontdirectory/terminaldosis/builds/build/TerminalDosis-Medium.ttf
$ mv /home/travis/build/fontdirectory/terminaldosis/builds/build/TerminalDosis-Medium.ttf.fix /home/travis/build/fontdirectory/terminaldosis/builds/build/TerminalDosis-Medium.ttf
bakery_lint.tests.downstream.test_check_font_agreements.CheckFontAgreements.test_em_is_1000(): OK
bakery_lint.tests.downstream.test_check_font_agreements.CheckFontAgreements.test_font_is_font(): OK
bakery_lint.tests.downstream.test_check_font_agreements.CheckFontAgreements.test_latin_file_exists(): FAIL
bakery_lint.tests.downstream.test_check_font_agreements.CheckFontAgreements.test_menu_file_exists(): FAIL
bakery_lint.tests.downstream.test_check_unencoded_glyph.TestFontUnencodedGlyph.test_font_unencoded_glyphs(): FAIL
$ fontbakery-fix-glyph-private-encoding.py --autofix /home/travis/build/fontdirectory/terminaldosis/builds/build/TerminalDosis-Medium.ttf
$ mv /home/travis/build/fontdirectory/terminaldosis/builds/build/TerminalDosis-Medium.ttf.fix /home/travis/build/fontdirectory/terminaldosis/builds/build/TerminalDosis-Medium.ttf
bakery_lint.tests.downstream.test_check_unencoded_glyph.TestFontUnencodedGlyph.test_font_unencoded_glyphs(): FAIL
bakery_lint.tests.downstream.test_check_name_table_recommendation.CheckStyleNameRecommendation.test_check_stylename_is_under_recommendations(): FAIL
$ fontbakery-fix-opentype-names.py /home/travis/build/fontdirectory/terminaldosis/builds/build/TerminalDosis-Medium.ttf
$ mv /home/travis/build/fontdirectory/terminaldosis/builds/build/TerminalDosis-Medium.ttf.fix /home/travis/build/fontdirectory/terminaldosis/builds/build/TerminalDosis-Medium.ttf
bakery_lint.tests.downstream.test_check_name_table_recommendation.CheckStyleNameRecommendation.test_check_stylename_is_under_recommendations(): FAIL
bakery_lint.tests.downstream.test_check_name_table_recommendation.CheckOTFamilyNameRecommendation.test_check_opentype_familyname(): OK
bakery_lint.tests.downstream.test_check_name_table_recommendation.CheckOTStyleNameRecommendation.test_check_opentype_stylename(): FAIL
$ fontbakery-fix-opentype-names.py /home/travis/build/fontdirectory/terminaldosis/builds/build/TerminalDosis-Medium.ttf
$ mv /home/travis/build/fontdirectory/terminaldosis/builds/build/TerminalDosis-Medium.ttf.fix /home/travis/build/fontdirectory/terminaldosis/builds/build/TerminalDosis-Medium.ttf
bakery_lint.tests.downstream.test_check_name_table_recommendation.CheckOTStyleNameRecommendation.test_check_opentype_stylename(): FAIL
bakery_lint.tests.downstream.test_check_name_table_recommendation.CheckOTFullNameRecommendation.test_check_opentype_fullname(): OK
bakery_lint.tests.downstream.test_check_upm_heights_less_120.TestCheckUPMHeightsLess120.test_check_upm_heigths_less_120(): FAIL
bakery_lint.tests.downstream.test_check_vertical_metrics.CheckVerticalLinegapMetrics.test_metrics_linegaps_are_zero(): OK
bakery_lint.tests.downstream.test_check_vertical_metrics.CheckVerticalAscentMetrics.test_metrics_ascents_equal_bbox(): OK
bakery_lint.tests.downstream.test_check_vertical_metrics.CheckVerticalDescentMetrics.test_metrics_descents_equal_bbox(): OK
bakery_lint.tests.downstream.test_check_magic_prep_code.CheckMagicPREPByteCode.test_prep_magic_code(): FAIL
bakery_lint.tests.downstream.test_check_glyf_table_length.CheckGlyfTableLength.test_check_glyf_table_length(): FAIL
bakery_lint.tests.downstream.test_check_nbsp_width_matches_sp_width.CheckNbspWidthMatchesSpWidth.test_check_nbsp_width_matches_sp_width(): OK
The following table(s) in the font have been ignored by FontForge
  Ignoring 'LTSH' linear threshold table
  Ignoring 'VDMX' vertical device metrics table
  Ignoring 'hdmx' horizontal device metrics table
This font contains both a 'kern' table and a 'GPOS' table.
  The 'kern' table will only be read if there is no 'kern' feature in 'GPOS'.
bakery_lint.tests.downstream.test_fontforge_validation_state.FontForgeValidateStateTest.test_allowed_numbers_paths_in_composite_glyphs(): OK
bakery_lint.tests.downstream.test_fontforge_validation_state.FontForgeValidateStateTest.test_allowed_numbers_paths_in_glyphs(): OK
bakery_lint.tests.downstream.test_fontforge_validation_state.FontForgeValidateStateTest.test_allowed_numbers_points_in_composite_glyphs(): OK
bakery_lint.tests.downstream.test_fontforge_validation_state.FontForgeValidateStateTest.test_allowed_numbers_points_in_glyphs(): OK
bakery_lint.tests.downstream.test_fontforge_validation_state.FontForgeValidateStateTest.test_duplicate_glyphs(): OK
bakery_lint.tests.downstream.test_fontforge_validation_state.FontForgeValidateStateTest.test_duplicate_unicode_codepoints(): OK
bakery_lint.tests.downstream.test_fontforge_validation_state.FontForgeValidateStateTest.test_flipped_reference_in_glyphs(): OK
bakery_lint.tests.downstream.test_fontforge_validation_state.FontForgeValidateStateTest.test_missing_anchors(): OK
bakery_lint.tests.downstream.test_fontforge_validation_state.FontForgeValidateStateTest.test_missing_extrema_in_glyphs(): OK
bakery_lint.tests.downstream.test_fontforge_validation_state.FontForgeValidateStateTest.test_overlapped_hints(): OK
bakery_lint.tests.downstream.test_fontforge_validation_state.FontForgeValidateStateTest.test_points_are_integer_aligned(): OK
bakery_lint.tests.downstream.test_fontforge_validation_state.FontForgeValidateStateTest.test_points_are_not_too_far_apart(): OK
bakery_lint.tests.downstream.test_fontforge_validation_state.FontForgeValidateStateTest.test_postscript_hasnt_limit_hints_in_glyphs(): OK
bakery_lint.tests.downstream.test_fontforge_validation_state.FontForgeValidateStateTest.test_postscript_hasnt_limit_points_in_glyphs(): OK
bakery_lint.tests.downstream.test_fontforge_validation_state.FontForgeValidateStateTest.test_referenced_glyphs_are_present(): OK
bakery_lint.tests.downstream.test_fontforge_validation_state.FontForgeValidateStateTest.test_valid_glyph_names(): OK
bakery_lint.tests.downstream.test_fontforge_validation_state.FontForgeValidateStateTest.test_valid_length_instructions(): OK
bakery_lint.tests.downstream.test_fontforge_validation_state.FontForgeValidateStateTest.test_validation_glyph_intersect(): OK
bakery_lint.tests.downstream.test_fontforge_validation_state.FontForgeValidateStateTest.test_validation_open_contours(): OK
bakery_lint.tests.downstream.test_fontforge_validation_state.FontForgeValidateStateTest.test_wrong_direction_in_glyphs(): OK
bakery_lint.tests.downstream.test_gpos_table_has_kerning_info.CheckGposTableHasKerningInfo.test_gpos_table_has_kerning_info(): OK
bakery_lint.tests.downstream.test_check_font_tables.CheckFontHasDsigTable.test_check_font_has_dsig_table(): FAIL
$ fontbakery-fix-dsig.py /home/travis/build/fontdirectory/terminaldosis/builds/build/TerminalDosis-Medium.ttf
$ mv /home/travis/build/fontdirectory/terminaldosis/builds/build/TerminalDosis-Medium.ttf.fix /home/travis/build/fontdirectory/terminaldosis/builds/build/TerminalDosis-Medium.ttf
bakery_lint.tests.downstream.test_check_font_tables.CheckFontHasDsigTable.test_check_font_has_dsig_table(): OK
bakery_lint.tests.downstream.test_check_font_tables.CheckFontHasNotKernTable.test_no_kern_table_exists(): OK
bakery_lint.tests.downstream.test_check_license_included.CheckLicenseIncluded.test_license_included_in_font_names(): OK
bakery_lint.tests.downstream.test_check_no_problematic_formats.CheckNoProblematicFormats.test_check_no_problematic_formats(): OK
bakery_lint.tests.downstream.test_check_full_font_name_begins_with_family_name.CheckFullFontNameBeginsWithFamilyName.test_check_full_font_name_begins_with_family_name(): OK
bakery_lint.tests.downstream.test_check_unused_glyph_data.CheckUnusedGlyphData.test_check_unused_glyph_data(): ERROR
bakery_lint.tests.downstream.test_check_panose_identification.CheckPanoseIdentification.test_check_panose_identification(): OK
bakery_lint.tests.downstream.test_check_names_same_across_platforms.CheckNamesSameAcrossPlatforms.test_check_names_same_across_platforms(): OK
bakery_lint.tests.downstream.test_check_glyph_existence.CheckGlyphExistence.test_euro(): OK
bakery_lint.tests.downstream.test_check_glyph_existence.CheckGlyphExistence.test_nbsp(): OK
bakery_lint.tests.downstream.test_check_glyph_existence.CheckGlyphExistence.test_space(): OK
bakery_lint.tests.downstream.test_gasp_table_value.CheckGaspTableType.test_check_gasp_table_type(): FAIL
$ fontbakery-fix-gasp.py --set=15 /home/travis/build/fontdirectory/terminaldosis/builds/build/TerminalDosis-Medium.ttf
$ mv /home/travis/build/fontdirectory/terminaldosis/builds/build/TerminalDosis-Medium.ttf.fix /home/travis/build/fontdirectory/terminaldosis/builds/build/TerminalDosis-Medium.ttf
bakery_lint.tests.downstream.test_gasp_table_value.CheckGaspTableType.test_check_gasp_table_type(): OK
$ fontbakery-fix-gasp.py --set=15 /home/travis/build/fontdirectory/terminaldosis/builds/build/TerminalDosis-Medium.ttf
$ mv /home/travis/build/fontdirectory/terminaldosis/builds/build/TerminalDosis-Medium.ttf.fix /home/travis/build/fontdirectory/terminaldosis/builds/build/TerminalDosis-Medium.ttf
bakery_lint.tests.downstream.test_names_are_ascii_only.CheckNamesAreASCIIOnly.test_check_names_are_ascii_only(): OK
bakery_lint.tests.downstream.test_check_os2_width_class.CheckOS2WidthClass.test_check_os2_width_class(): OK
bakery_lint.tests.downstream.test_check_fontname_matches_macstyle.CheckFontNameEqualToMacStyleFlags.test_fontname_is_equal_to_macstyle(): FAIL
bakery_lint.tests.downstream.test_check_italic_angle_agreement.CheckItalicAngleAgreement.test_check_italic_angle_agreement(): OK
bakery_lint.tests.downstream.test_check_hmtx_hhea_max_advance_width_agreement.CheckHmtxHheaMaxAdvanceWidthAgreement.test_check_hmtx_hhea_max_advance_width_agreement(): OK
### Optimize TTF TerminalDosis-Medium.ttf
$ ls -l 'TerminalDosis-Medium.ttf'* # look at the size savings of that subset process
TerminalDosis-Medium.ttf.opt: 123232 bytes
TerminalDosis-Medium.ttf: 135548 bytes
$ mv /home/travis/build/fontdirectory/terminaldosis/builds/build/TerminalDosis-Medium.ttf.opt /home/travis/build/fontdirectory/terminaldosis/builds/build/TerminalDosis-Medium.ttf
### Autohint TTFs (ttfautohint) TerminalDosis-Medium.ttf
$ ttfautohint -l 7 -r 28 -G 50 -x 13 -w "G" /home/travis/build/fontdirectory/terminaldosis/builds/build/TerminalDosis-Medium.ttf '/home/travis/build/fontdirectory/terminaldosis/builds/build/TerminalDosis-Medium.autohint.ttf'

$ ls -l /home/travis/build/fontdirectory/terminaldosis/builds/build/TerminalDosis-Medium.*ttf # look at the size savings of that subset process
/home/travis/build/fontdirectory/terminaldosis/builds/build/TerminalDosis-Medium.ttf: 123232 bytes
/home/travis/build/fontdirectory/terminaldosis/builds/build/TerminalDosis-Medium.autohint.ttf: 97296 bytes
$ mv /home/travis/build/fontdirectory/terminaldosis/builds/build/TerminalDosis-Medium.autohint.ttf /home/travis/build/fontdirectory/terminaldosis/builds/build/TerminalDosis-Medium.ttf
### Subset TTFs (pyftsubset) TerminalDosis-Medium.ttf
$ pyftsubset TerminalDosis-Medium.latin
$ pyftsubset TerminalDosis-Medium.menu
strippedname:/home/travis/build/fontdirectory/terminaldosis/builds/build/TerminalDosis-Medium.ttf
### (5 of 6) Generate METADATA.json (fontbakery-build-metadata.py)
$ fontbakery-build-metadata.py /home/travis/build/fontdirectory/terminaldosis/builds/build
{} exists
Designer's name from font is: Edgar Tolentino, Pablo Impallari, Igino Marini
Original size: 98392\nGzip size: 43026
Family Name: Terminal Dosis
PS Name: TerminalDosis-ExtraLight
Full Name: Terminal Dosis ExtraLight
Style: normal
Weight: 200
Filename: TerminalDosis-ExtraLight.ttf
Copyright: Copyright (c) 2011, Edgar Tolentino, Pablo Impallari, Igino Marini (impallari.com), with Reserved Font Name Dosis.
Family Name: Terminal Dosis
PS Name: TerminalDosis-Medium
Full Name: Terminal Dosis Medium
Style: normal
Weight: 500
Filename: TerminalDosis-Medium.ttf
Copyright: Copyright (c) 2011, Edgar Tolentino, Pablo Impallari, Igino Marini (impallari.com), with Reserved Font Name Dosis.
Family Name: Terminal Dosis
PS Name: TerminalDosis-SemiBold
Full Name: Terminal Dosis SemiBold
Style: normal
Weight: 600
Filename: TerminalDosis-SemiBold.ttf
Copyright: Copyright (c) 2011, Edgar Tolentino, Pablo Impallari, Igino Marini (impallari.com), with Reserved Font Name Dosis.
Family Name: Terminal Dosis
PS Name: TerminalDosis-Light
Full Name: Terminal Dosis Light
Style: normal
Weight: 300
Filename: TerminalDosis-Light.ttf
Copyright: Copyright (c) 2011, Edgar Tolentino, Pablo Impallari, Igino Marini (impallari.com), with Reserved Font Name Dosis.
Family Name: Terminal Dosis
PS Name: TerminalDosis-ExtraBold
Full Name: Terminal Dosis ExtraBold
Style: normal
Weight: 800
Filename: TerminalDosis-ExtraBold.ttf
Copyright: Copyright (c) 2011 by EdgarTolentino, PabloImpallari, IginoMarini. All rights reserved.
Family Name: Terminal Dosis
PS Name: TerminalDosis-Bold
Full Name: Terminal Dosis Bold
Style: normal
Weight: 700
Filename: TerminalDosis-Bold.ttf
Copyright: Copyright (c) 2011 by EdgarTolentino, PabloImpallari, IginoMarini. All rights reserved.
Family Name: Terminal Dosis
PS Name: TerminalDosis-Regular
Full Name: Terminal Dosis Regular
Style: normal
Weight: 400
Filename: TerminalDosis-Regular.ttf
Copyright: Copyright (c) 2011, Edgar Tolentino, Pablo Impallari, Igino Marini (impallari.com), with Reserved Font Name Dosis.
### (6 of 6) Run tests for METADATA.json
$ fontbakery-check.py metadata METADATA.json
bakery_lint.tests.metadata_test.MetadataSubsetsListTest.test_charset_latin(): OK
bakery_lint.tests.metadata_test.MetadataSubsetsListTest.test_charset_latin_ext(): FAIL
bakery_lint.tests.metadata_test.MetadataSubsetsListTest.test_charset_menu(): OK
bakery_lint.tests.metadata_test.MetadataTest.test_description_is_more_than_500b(): FAIL
bakery_lint.tests.metadata_test.MetadataTest.test_description_is_valid_html(): FAIL
bakery_lint.tests.metadata_test.MetadataTest.test_does_not_familyName_exist_in_daltonmaag_catalogue(): FAIL
bakery_lint.tests.metadata_test.MetadataTest.test_does_not_familyName_exist_in_fontbureau_catalogue(): OK
bakery_lint.tests.metadata_test.MetadataTest.test_does_not_familyName_exist_in_fontscom_catalogue(): OK
bakery_lint.tests.metadata_test.MetadataTest.test_does_not_familyName_exist_in_fontshop_catalogue(): FAIL
bakery_lint.tests.metadata_test.MetadataTest.test_does_not_familyName_exist_in_fontsmith_catalogue(): FAIL
bakery_lint.tests.metadata_test.MetadataTest.test_does_not_familyName_exist_in_houseind_catalogue(): OK
bakery_lint.tests.metadata_test.MetadataTest.test_does_not_familyName_exist_in_myfonts_catalogue(): FAIL
bakery_lint.tests.metadata_test.MetadataTest.test_does_not_familyName_exist_in_veer_catalogue(): OK
bakery_lint.tests.metadata_test.MetadataTest.test_family_is_listed_in_gwf(): FAIL
bakery_lint.tests.metadata_test.MetadataTest.test_metadata_atleast_latin_menu_subsets_exist(): OK
/home/travis/virtualenv/python2.7.8/lib/python2.7/site-packages/bakery_lint/tests/metadata_test.py:141: UnicodeWarning: Unicode equal comparison failed to convert both arguments to Unicode - interpreting them as being unequal
  self.assertTrue(designer in designers,
bakery_lint.tests.metadata_test.MetadataTest.test_metadata_designer_exists_in_profiles_csv(): OK
bakery_lint.tests.metadata_test.MetadataTest.test_metadata_fonts_items_dicts(): OK
bakery_lint.tests.metadata_test.MetadataTest.test_metadata_fonts_key_list(): OK
bakery_lint.tests.metadata_test.MetadataTest.test_metadata_fonts_no_dupes(): OK
bakery_lint.tests.metadata_test.MetadataTest.test_metadata_has_unique_style_weight_pairs(): OK
bakery_lint.tests.metadata_test.MetadataTest.test_metadata_keys(): OK
bakery_lint.tests.metadata_test.MetadataTest.test_metadata_license(): OK
bakery_lint.tests.metadata_test.MetadataTest.test_metadata_no_unknown_top_keys(): OK
bakery_lint.tests.metadata_test.MetadataTest.test_metadata_subsets_key_list(): OK
bakery_lint.tests.metadata_test.MetadataTest.test_metadata_top_keys_types(): OK
bakery_lint.tests.downstream.test_check_font_name_not_in_camelcase.CheckFontNameNotInCamelCase.test_fontname_not_in_camel_case(): OK
bakery_lint.tests.downstream.test_check_familyname_matches_fontnames.CheckFamilyNameMatchesFontNames.test_check_familyname_matches_fontnames(): OK
bakery_lint.tests.downstream.test_check_text_files_exist.CheckTextFilesExist.test_copyrighttxt_exists(): FAIL
bakery_lint.tests.downstream.test_check_text_files_exist.CheckTextFilesExist.test_description_exists(): OK
bakery_lint.tests.downstream.test_check_text_files_exist.CheckTextFilesExist.test_fontlogtxt_exists(): OK
bakery_lint.tests.downstream.test_check_text_files_exist.CheckTextFilesExist.test_licensetxt_exists(): FAIL
bakery_lint.tests.downstream.test_check_menu_contains_proper_glyphs.CheckMenuSubsetContainsProperGlyphs.test_check_menu_contains_proper_glyphs(): OK
bakery_lint.tests.downstream.test_check_canonical_filenames.CheckCanonicalFilenames.test_check_canonical_filenames(): OK
bakery_lint.tests.downstream.test_metadata_agreements.TestFontOnDiskFamilyEqualToMetadataJSON.test_font_on_disk_family_equal_in_metadata_json(): OK
bakery_lint.tests.downstream.test_metadata_agreements.TestPostScriptNameInMetadataEqualFontOnDisk.test_postscriptname_in_metadata_equal_to_font_on_disk(): OK
bakery_lint.tests.downstream.test_metadata_agreements.CheckMetadataAgreements.test_font_name_matches_family(): OK
bakery_lint.tests.downstream.test_metadata_agreements.CheckMetadataAgreements.test_metadata_family_values_are_all_the_same(): OK
bakery_lint.tests.downstream.test_metadata_agreements.CheckMetadataAgreements.test_metadata_filename_matches_postscriptname(): OK
bakery_lint.tests.downstream.test_metadata_agreements.CheckMetadataAgreements.test_metadata_font_have_regular(): OK
bakery_lint.tests.downstream.test_metadata_agreements.CheckMetadataAgreements.test_metadata_fonts_fields_have_fontname(): OK
bakery_lint.tests.downstream.test_metadata_agreements.CheckMetadataAgreements.test_metadata_fullname_is_equal_to_internal_font_fullname(): OK
bakery_lint.tests.downstream.test_metadata_agreements.CheckMetadataAgreements.test_metadata_fullname_matches_postScriptName(): OK
bakery_lint.tests.downstream.test_metadata_agreements.CheckMetadataAgreements.test_metadata_regular_is_400(): OK
bakery_lint.tests.downstream.test_metadata_agreements.CheckMetadataAgreements.test_metadata_regular_is_normal(): OK
bakery_lint.tests.downstream.test_check_metadata_style_matches_names.CheckItalicStyleMatchesMacStyle.test_check_italic_style_matches_names(): OK
bakery_lint.tests.downstream.test_check_metadata_style_matches_names.CheckNormalStyleMatchesMacStyle.test_check_normal_style_matches_names(): OK
bakery_lint.tests.downstream.test_check_files_menu_agreements.CheckFontsMenuAgreements.test_menu_file_agreement(): OK
bakery_lint.tests.downstream.test_check_metadata_fields.CheckMetadataFields.test_check_metadata_fields(): OK
bakery_lint.tests.downstream.test_check_canonical_styles.CheckCanonicalStyles.test_check_canonical_styles(): OK
bakery_lint.tests.downstream.test_check_glyph_consistency.CheckGlyphConsistencyInFamily.test_the_same_encodings_of_glyphs_across_family(): OK
bakery_lint.tests.downstream.test_check_glyph_consistency.CheckGlyphConsistencyInFamily.test_the_same_names_of_glyphs_across_family(): OK
bakery_lint.tests.downstream.test_check_glyph_consistency.CheckGlyphConsistencyInFamily.test_the_same_number_of_glyphs_across_family(): OK
bakery_lint.tests.downstream.test_check_subsets_exists.CheckSubsetsExist.test_check_subsets_exists(): FAIL
bakery_lint.tests.downstream.test_metadata_font_copyright.CheckMetadataContainsReservedFontName.test_copyright_contains_correct_rfn(): FAIL
bakery_lint.tests.downstream.test_metadata_font_copyright.CheckMetadataContainsReservedFontName.test_copyright_is_consistent_across_family(): FAIL
bakery_lint.tests.downstream.test_metadata_font_copyright.CheckMetadataContainsReservedFontName.test_copyright_matches_pattern(): FAIL
bakery_lint.tests.downstream.test_metadata_font_copyright.CheckMetadataContainsReservedFontName.test_metadata_copyright_size(): OK
bakery_lint.tests.downstream.test_check_monospace_agreements.CheckMonospaceAgreement.test_check_monospace_agreement(): OK
bakery_lint.tests.downstream.test_check_canonical_weights.CheckCanonicalWeights.test_check_canonical_weights(): OK
bakery_lint.tests.downstream.test_check_canonical_weights.CheckPostScriptNameMatchesWeight.test_postscriptname_contains_correct_weight(): OK
bakery_lint.tests.downstream.test_check_canonical_weights.CheckFontWeightSameAsInMetadata.test_font_weight_same_as_in_metadata(): OK
bakery_lint.tests.downstream.test_check_canonical_weights.CheckFullNameEqualCanonicalName.test_metadata_contains_current_font(): OK
bakery_lint.tests.downstream.test_check_metadata_matches_nametable.CheckMetadataMatchesNameTable.test_check_metadata_matches_nametable(): OK
{
  "name": "Terminal Dosis", 
  "designer": "Pablo Impallari", 
  "license": "OFL", 
  "visibility": "Internal", 
  "category": "Sans Serif", 
  "size": 65681, 
  "fonts": [
    {
      "name": "Terminal Dosis", 
      "postScriptName": "TerminalDosis-ExtraLight", 
      "fullName": "Terminal Dosis ExtraLight", 
      "style": "normal", 
      "weight": 200, 
      "filename": "TerminalDosis-ExtraLight.ttf", 
      "copyright": "Copyright (c) 2011, Edgar Tolentino, Pablo Impallari, Igino Marini (impallari.com), with Reserved Font Name Dosis."
    }, 
    {
      "name": "Terminal Dosis", 
      "postScriptName": "TerminalDosis-Medium", 
      "fullName": "Terminal Dosis Medium", 
      "style": "normal", 
      "weight": 500, 
      "filename": "TerminalDosis-Medium.ttf", 
      "copyright": "Copyright (c) 2011, Edgar Tolentino, Pablo Impallari, Igino Marini (impallari.com), with Reserved Font Name Dosis."
    }, 
    {
      "name": "Terminal Dosis", 
      "postScriptName": "TerminalDosis-SemiBold", 
      "fullName": "Terminal Dosis SemiBold", 
      "style": "normal", 
      "weight": 600, 
      "filename": "TerminalDosis-SemiBold.ttf", 
      "copyright": "Copyright (c) 2011, Edgar Tolentino, Pablo Impallari, Igino Marini (impallari.com), with Reserved Font Name Dosis."
    }, 
    {
      "name": "Terminal Dosis", 
      "postScriptName": "TerminalDosis-Light", 
      "fullName": "Terminal Dosis Light", 
      "style": "normal", 
      "weight": 300, 
      "filename": "TerminalDosis-Light.ttf", 
      "copyright": "Copyright (c) 2011, Edgar Tolentino, Pablo Impallari, Igino Marini (impallari.com), with Reserved Font Name Dosis."
    }, 
    {
      "name": "Terminal Dosis", 
      "postScriptName": "TerminalDosis-ExtraBold", 
      "fullName": "Terminal Dosis ExtraBold", 
      "style": "normal", 
      "weight": 800, 
      "filename": "TerminalDosis-ExtraBold.ttf", 
      "copyright": "Copyright (c) 2011 by EdgarTolentino, PabloImpallari, IginoMarini. All rights reserved."
    }, 
    {
      "name": "Terminal Dosis", 
      "postScriptName": "TerminalDosis-Bold", 
      "fullName": "Terminal Dosis Bold", 
      "style": "normal", 
      "weight": 700, 
      "filename": "TerminalDosis-Bold.ttf", 
      "copyright": "Copyright (c) 2011 by EdgarTolentino, PabloImpallari, IginoMarini. All rights reserved."
    }, 
    {
      "name": "Terminal Dosis", 
      "postScriptName": "TerminalDosis-Regular", 
      "fullName": "Terminal Dosis Regular", 
      "style": "normal", 
      "weight": 400, 
      "filename": "TerminalDosis-Regular.ttf", 
      "copyright": "Copyright (c) 2011, Edgar Tolentino, Pablo Impallari, Igino Marini (impallari.com), with Reserved Font Name Dosis."
    }
  ], 
  "subsets": [
    "latin", 
    "menu"
  ], 
  "dateAdded": "2011-09-28"
}
